Component: ARM Compiler 5.05 update 1 (build 106) Tool: armlink [4d0efa]

==============================================================================

Section Cross References

    tasks.o(i.eTaskConfirmSleepModeStatus) refers to tasks.o(.bss) for .bss
    tasks.o(i.eTaskConfirmSleepModeStatus) refers to tasks.o(.data) for .data
    tasks.o(i.eTaskGetState) refers to port.o(.emb_text) for ulPortSetInterruptMask
    tasks.o(i.eTaskGetState) refers to port.o(i.vPortEnterCritical) for vPortEnterCritical
    tasks.o(i.eTaskGetState) refers to port.o(i.vPortExitCritical) for vPortExitCritical
    tasks.o(i.eTaskGetState) refers to tasks.o(.data) for .data
    tasks.o(i.eTaskGetState) refers to tasks.o(.bss) for .bss
    tasks.o(i.prvAddCurrentTaskToDelayedList) refers to list.o(i.vListInsert) for vListInsert
    tasks.o(i.prvAddCurrentTaskToDelayedList) refers to tasks.o(.data) for .data
    tasks.o(i.prvCheckTasksWaitingTermination) refers to tasks.o(i.vTaskSuspendAll) for vTaskSuspendAll
    tasks.o(i.prvCheckTasksWaitingTermination) refers to tasks.o(i.xTaskResumeAll) for xTaskResumeAll
    tasks.o(i.prvCheckTasksWaitingTermination) refers to port.o(i.vPortEnterCritical) for vPortEnterCritical
    tasks.o(i.prvCheckTasksWaitingTermination) refers to list.o(i.uxListRemove) for uxListRemove
    tasks.o(i.prvCheckTasksWaitingTermination) refers to port.o(i.vPortExitCritical) for vPortExitCritical
    tasks.o(i.prvCheckTasksWaitingTermination) refers to heap_4.o(i.vPortFree) for vPortFree
    tasks.o(i.prvCheckTasksWaitingTermination) refers to tasks.o(.bss) for .bss
    tasks.o(i.prvCheckTasksWaitingTermination) refers to tasks.o(.data) for .data
    tasks.o(i.prvGetExpectedIdleTime) refers to tasks.o(.data) for .data
    tasks.o(i.prvGetExpectedIdleTime) refers to tasks.o(.bss) for .bss
    tasks.o(i.prvIdleTask) refers to tasks.o(i.prvCheckTasksWaitingTermination) for prvCheckTasksWaitingTermination
    tasks.o(i.prvIdleTask) refers to port.o(i.vPortYield) for vPortYield
    tasks.o(i.prvIdleTask) refers to tasks.o(i.prvGetExpectedIdleTime) for prvGetExpectedIdleTime
    tasks.o(i.prvIdleTask) refers to tasks.o(i.vTaskSuspendAll) for vTaskSuspendAll
    tasks.o(i.prvIdleTask) refers to port.o(.emb_text) for ulPortSetInterruptMask
    tasks.o(i.prvIdleTask) refers to port.o(i.vPortSuppressTicksAndSleep) for vPortSuppressTicksAndSleep
    tasks.o(i.prvIdleTask) refers to tasks.o(i.xTaskResumeAll) for xTaskResumeAll
    tasks.o(i.prvIdleTask) refers to tasks.o(.bss) for .bss
    tasks.o(i.prvIdleTask) refers to tasks.o(.data) for .data
    tasks.o(i.prvResetNextTaskUnblockTime) refers to tasks.o(.data) for .data
    tasks.o(i.prvTaskIsTaskSuspended) refers to port.o(.emb_text) for ulPortSetInterruptMask
    tasks.o(i.prvTaskIsTaskSuspended) refers to tasks.o(.bss) for .bss
    tasks.o(i.pvTaskIncrementMutexHeldCount) refers to tasks.o(.data) for .data
    tasks.o(i.ulTaskNotifyTake) refers to port.o(i.vPortEnterCritical) for vPortEnterCritical
    tasks.o(i.ulTaskNotifyTake) refers to list.o(i.uxListRemove) for uxListRemove
    tasks.o(i.ulTaskNotifyTake) refers to tasks.o(i.prvAddCurrentTaskToDelayedList) for prvAddCurrentTaskToDelayedList
    tasks.o(i.ulTaskNotifyTake) refers to port.o(i.vPortYield) for vPortYield
    tasks.o(i.ulTaskNotifyTake) refers to port.o(i.vPortExitCritical) for vPortExitCritical
    tasks.o(i.ulTaskNotifyTake) refers to list.o(i.vListInsertEnd) for vListInsertEnd
    tasks.o(i.ulTaskNotifyTake) refers to tasks.o(.data) for .data
    tasks.o(i.ulTaskNotifyTake) refers to tasks.o(.bss) for .bss
    tasks.o(i.uxTaskGetNumberOfTasks) refers to tasks.o(.data) for .data
    tasks.o(i.uxTaskGetSystemState) refers to tasks.o(i.vTaskSuspendAll) for vTaskSuspendAll
    tasks.o(i.uxTaskGetSystemState) refers to tasks.o(i.prvListTaskWithinSingleList) for prvListTaskWithinSingleList
    tasks.o(i.uxTaskGetSystemState) refers to tasks.o(i.xTaskResumeAll) for xTaskResumeAll
    tasks.o(i.uxTaskGetSystemState) refers to tasks.o(.data) for .data
    tasks.o(i.uxTaskGetSystemState) refers to tasks.o(.bss) for .bss
    tasks.o(i.uxTaskPriorityGet) refers to port.o(i.vPortEnterCritical) for vPortEnterCritical
    tasks.o(i.uxTaskPriorityGet) refers to port.o(i.vPortExitCritical) for vPortExitCritical
    tasks.o(i.uxTaskPriorityGet) refers to tasks.o(.data) for .data
    tasks.o(i.uxTaskPriorityGetFromISR) refers to port.o(i.vPortValidateInterruptPriority) for vPortValidateInterruptPriority
    tasks.o(i.uxTaskPriorityGetFromISR) refers to port.o(.emb_text) for ulPortSetInterruptMask
    tasks.o(i.uxTaskPriorityGetFromISR) refers to tasks.o(.data) for .data
    tasks.o(i.uxTaskResetEventItemValue) refers to tasks.o(.data) for .data
    tasks.o(i.vTaskDelay) refers to port.o(.emb_text) for ulPortSetInterruptMask
    tasks.o(i.vTaskDelay) refers to tasks.o(i.vTaskSuspendAll) for vTaskSuspendAll
    tasks.o(i.vTaskDelay) refers to list.o(i.uxListRemove) for uxListRemove
[...]
    _printf_int_dec                          0x00000000   Number         0  stubs.o ABSOLUTE
    _printf_l                                0x00000000   Number         0  stubs.o ABSOLUTE
    _printf_lc                               0x00000000   Number         0  stubs.o ABSOLUTE
    _printf_ll                               0x00000000   Number         0  stubs.o ABSOLUTE
    _printf_lld                              0x00000000   Number         0  stubs.o ABSOLUTE
    _printf_lli                              0x00000000   Number         0  stubs.o ABSOLUTE
    _printf_llo                              0x00000000   Number         0  stubs.o ABSOLUTE
    _printf_llu                              0x00000000   Number         0  stubs.o ABSOLUTE
    _printf_llx                              0x00000000   Number         0  stubs.o ABSOLUTE
    _printf_longlong_dec                     0x00000000   Number         0  stubs.o ABSOLUTE
    _printf_longlong_hex                     0x00000000   Number         0  stubs.o ABSOLUTE
    _printf_longlong_oct                     0x00000000   Number         0  stubs.o ABSOLUTE
    _printf_ls                               0x00000000   Number         0  stubs.o ABSOLUTE
    _printf_mbtowc                           0x00000000   Number         0  stubs.o ABSOLUTE
    _printf_n                                0x00000000   Number         0  stubs.o ABSOLUTE
    _printf_o                                0x00000000   Number         0  stubs.o ABSOLUTE
    _printf_p                                0x00000000   Number         0  stubs.o ABSOLUTE
    _printf_percent                          0x00000000   Number         0  stubs.o ABSOLUTE
    _printf_pre_padding                      0x00000000   Number         0  stubs.o ABSOLUTE
    _printf_return_value                     0x00000000   Number         0  stubs.o ABSOLUTE
    _printf_s                                0x00000000   Number         0  stubs.o ABSOLUTE
    _printf_sizespec                         0x00000000   Number         0  stubs.o ABSOLUTE
    _printf_str                              0x00000000   Number         0  stubs.o ABSOLUTE
    _printf_truncate_signed                  0x00000000   Number         0  stubs.o ABSOLUTE
    _printf_truncate_unsigned                0x00000000   Number         0  stubs.o ABSOLUTE
    _printf_u                                0x00000000   Number         0  stubs.o ABSOLUTE
    _printf_wc                               0x00000000   Number         0  stubs.o ABSOLUTE
    _printf_wctomb                           0x00000000   Number         0  stubs.o ABSOLUTE
    _printf_widthprec                        0x00000000   Number         0  stubs.o ABSOLUTE
    _printf_x                                0x00000000   Number         0  stubs.o ABSOLUTE
    __cpp_initialize__aeabi_                  - Undefined Weak Reference
    __cxa_finalize                            - Undefined Weak Reference
    _clock_init                               - Undefined Weak Reference
    _microlib_exit                            - Undefined Weak Reference
    _scanf_longlong                           - Undefined Weak Reference
    _scanf_real                               - Undefined Weak Reference
    _scanf_string                             - Undefined Weak Reference
    __Vectors_Size                           0x00000124   Number         0  startup_stm32l152xc.o ABSOLUTE
    __Vectors                                0x08008000   Data           4  startup_stm32l152xc.o(RESET)
    __Vectors_End                            0x08008124   Data           0  startup_stm32l152xc.o(RESET)
    __main                                   0x08008125   Thumb Code     0  entry.o(.ARM.Collect$$$$00000000)
    _main_stk                                0x08008125   Thumb Code     0  entry2.o(.ARM.Collect$$$$00000001)
    _main_scatterload                        0x08008129   Thumb Code     0  entry5.o(.ARM.Collect$$$$00000004)
    __main_after_scatterload                 0x0800812d   Thumb Code     0  entry5.o(.ARM.Collect$$$$00000004)
    _main_clock                              0x0800812d   Thumb Code     0  entry7b.o(.ARM.Collect$$$$00000008)
    _main_cpp_init                           0x0800812d   Thumb Code     0  entry8b.o(.ARM.Collect$$$$0000000A)
    _main_init                               0x0800812d   Thumb Code     0  entry9a.o(.ARM.Collect$$$$0000000B)
    __rt_final_cpp                           0x08008135   Thumb Code     0  entry10a.o(.ARM.Collect$$$$0000000D)
    __rt_final_exit                          0x08008135   Thumb Code     0  entry11a.o(.ARM.Collect$$$$0000000F)
    SVC_Handler                              0x08008139   Thumb Code    32  port.o(.emb_text)
    __asm___6_port_c_39a90d8d__prvStartFirstTask 0x0800815d   Thumb Code    28  port.o(.emb_text)
    PendSV_Handler                           0x0800817d   Thumb Code    64  port.o(.emb_text)
    ulPortSetInterruptMask                   0x080081c1   Thumb Code    14  port.o(.emb_text)
    vPortClearInterruptMask                  0x080081cf   Thumb Code     6  port.o(.emb_text)
    vPortGetIPSR                             0x080081d5   Thumb Code     6  port.o(.emb_text)
    Reset_Handler                            0x080081dd   Thumb Code     8  startup_stm32l152xc.o(.text)
    ADC1_IRQHandler                          0x080081f7   Thumb Code     0  startup_stm32l152xc.o(.text)
    COMP_ACQ_IRQHandler                      0x080081f7   Thumb Code     0  startup_stm32l152xc.o(.text)
    COMP_IRQHandler                          0x080081f7   Thumb Code     0  startup_stm32l152xc.o(.text)
    DAC_IRQHandler                           0x080081f7   Thumb Code     0  startup_stm32l152xc.o(.text)
    DMA1_Channel1_IRQHandler                 0x080081f7   Thumb Code     0  startup_stm32l152xc.o(.text)
    DMA1_Channel2_IRQHandler                 0x080081f7   Thumb Code     0  startup_stm32l152xc.o(.text)
    DMA1_Channel3_IRQHandler                 0x080081f7   Thumb Code     0  startup_stm32l152xc.o(.text)
    DMA1_Channel4_IRQHandler                 0x080081f7   Thumb Code     0  startup_stm32l152xc.o(.text)
    DMA1_Channel5_IRQHandler                 0x080081f7   Thumb Code     0  startup_stm32l152xc.o(.text)
    DMA1_Channel6_IRQHandler                 0x080081f7   Thumb Code     0  startup_stm32l152xc.o(.text)
    DMA1_Channel7_IRQHandler                 0x080081f7   Thumb Code     0  startup_stm32l152xc.o(.text)
    DMA2_Channel1_IRQHandler                 0x080081f7   Thumb Code     0  startup_stm32l152xc.o(.text)
    DMA2_Channel2_IRQHandler                 0x080081f7   Thumb Code     0  startup_stm32l152xc.o(.text)
    DMA2_Channel3_IRQHandler                 0x080081f7   Thumb Code     0  startup_stm32l152xc.o(.text)
    DMA2_Channel4_IRQHandler                 0x080081f7   Thumb Code     0  startup_stm32l152xc.o(.text)
    DMA2_Channel5_IRQHandler                 0x080081f7   Thumb Code     0  startup_stm32l152xc.o(.text)
    EXTI0_IRQHandler                         0x080081f7   Thumb Code     0  startup_stm32l152xc.o(.text)
    EXTI1_IRQHandler                         0x080081f7   Thumb Code     0  startup_stm32l152xc.o(.text)
    EXTI2_IRQHandler                         0x080081f7   Thumb Code     0  startup_stm32l152xc.o(.text)
    EXTI3_IRQHandler                         0x080081f7   Thumb Code     0  startup_stm32l152xc.o(.text)
    EXTI4_IRQHandler                         0x080081f7   Thumb Code     0  startup_stm32l152xc.o(.text)
    FLASH_IRQHandler                         0x080081f7   Thumb Code     0  startup_stm32l152xc.o(.text)
    I2C1_ER_IRQHandler                       0x080081f7   Thumb Code     0  startup_stm32l152xc.o(.text)
    I2C1_EV_IRQHandler                       0x080081f7   Thumb Code     0  startup_stm32l152xc.o(.text)
    I2C2_ER_IRQHandler                       0x080081f7   Thumb Code     0  startup_stm32l152xc.o(.text)
    I2C2_EV_IRQHandler                       0x080081f7   Thumb Code     0  startup_stm32l152xc.o(.text)
    PVD_IRQHandler                           0x080081f7   Thumb Code     0  startup_stm32l152xc.o(.text)
    RCC_IRQHandler                           0x080081f7   Thumb Code     0  startup_stm32l152xc.o(.text)
    RTC_WKUP_IRQHandler                      0x080081f7   Thumb Code     0  startup_stm32l152xc.o(.text)
    SPI1_IRQHandler                          0x080081f7   Thumb Code     0  startup_stm32l152xc.o(.text)
    SPI2_IRQHandler                          0x080081f7   Thumb Code     0  startup_stm32l152xc.o(.text)
    SPI3_IRQHandler                          0x080081f7   Thumb Code     0  startup_stm32l152xc.o(.text)
    TAMPER_STAMP_IRQHandler                  0x080081f7   Thumb Code     0  startup_stm32l152xc.o(.text)
    TIM10_IRQHandler                         0x080081f7   Thumb Code     0  startup_stm32l152xc.o(.text)
    TIM11_IRQHandler                         0x080081f7   Thumb Code     0  startup_stm32l152xc.o(.text)
    TIM2_IRQHandler                          0x080081f7   Thumb Code     0  startup_stm32l152xc.o(.text)
    TIM4_IRQHandler                          0x080081f7   Thumb Code     0  startup_stm32l152xc.o(.text)
    TIM5_IRQHandler                          0x080081f7   Thumb Code     0  startup_stm32l152xc.o(.text)
    TIM7_IRQHandler                          0x080081f7   Thumb Code     0  startup_stm32l152xc.o(.text)
    TIM9_IRQHandler                          0x080081f7   Thumb Code     0  startup_stm32l152xc.o(.text)
    USART3_IRQHandler                        0x080081f7   Thumb Code     0  startup_stm32l152xc.o(.text)
    USB_FS_WKUP_IRQHandler                   0x080081f7   Thumb Code     0  startup_stm32l152xc.o(.text)
    USB_HP_IRQHandler                        0x080081f7   Thumb Code     0  startup_stm32l152xc.o(.text)
    USB_LP_IRQHandler                        0x080081f7   Thumb Code     0  startup_stm32l152xc.o(.text)
    WWDG_IRQHandler                          0x080081f7   Thumb Code     0  startup_stm32l152xc.o(.text)
    __aeabi_memcpy                           0x08008201   Thumb Code    36  memcpya.o(.text)
    __aeabi_memcpy4                          0x08008201   Thumb Code     0  memcpya.o(.text)
    __aeabi_memcpy8                          0x08008201   Thumb Code     0  memcpya.o(.text)
    __aeabi_memset                           0x08008225   Thumb Code    14  memseta.o(.text)
    __aeabi_memset4                          0x08008225   Thumb Code     0  memseta.o(.text)
    __aeabi_memset8                          0x08008225   Thumb Code     0  memseta.o(.text)
    __aeabi_memclr                           0x08008233   Thumb Code     4  memseta.o(.text)
    __aeabi_memclr4                          0x08008233   Thumb Code     0  memseta.o(.text)
    __aeabi_memclr8                          0x08008233   Thumb Code     0  memseta.o(.text)
    _memset$wrapper                          0x08008237   Thumb Code    18  memseta.o(.text)
    strstr                                   0x08008249   Thumb Code    36  strstr.o(.text)
    strlen                                   0x0800826d   Thumb Code    14  strlen.o(.text)
    strcasecmp                               0x0800827b   Thumb Code    42  strcasecmp.o(.text)
    strncasecmp                              0x080082a5   Thumb Code    50  strncasecmp.o(.text)
    __0sscanf                                0x080082d9   Thumb Code    48  __0sscanf.o(.text)
    _scanf_int                               0x08008311   Thumb Code   332  _scanf_int.o(.text)
    __aeabi_uidiv                            0x0800845d   Thumb Code     0  uidiv.o(.text)
    __aeabi_uidivmod                         0x0800845d   Thumb Code    44  uidiv.o(.text)
    tolower                                  0x08008489   Thumb Code    12  tolower.o(.text)
    _chval                                   0x08008495   Thumb Code    28  _chval.o(.text)
    __vfscanf_char                           0x080084bd   Thumb Code    20  scanf_char.o(.text)
    _sgetc                                   0x080084d9   Thumb Code    30  _sgetc.o(.text)
    _sbackspace                              0x080084f7   Thumb Code    34  _sgetc.o(.text)
    __scatterload                            0x08008519   Thumb Code    28  init.o(.text)
    __scatterload_rt2                        0x08008519   Thumb Code     0  init.o(.text)
    isspace                                  0x0800853d   Thumb Code    10  isspace_c.o(.text)
    __vfscanf                                0x08008549   Thumb Code   808  _scanf.o(.text)
    __ctype_lookup                           0x08008875   Thumb Code    34  ctype_c.o(.text)
    __decompress                             0x0800889d   Thumb Code     0  __dczerorl2.o(.text)
    __decompress1                            0x0800889d   Thumb Code    86  __dczerorl2.o(.text)
    AddaDay                                  0x080088f5   Thumb Code    70  time_related.o(i.AddaDay)
    AddaHour                                 0x08008941   Thumb Code    90  time_related.o(i.AddaHour)
    BSP_SD_GetCardInfo                       0x080089a1   Thumb Code    62  stm32_adafruit_sd.o(i.BSP_SD_GetCardInfo)
    BSP_SD_GetStatus                         0x080089df   Thumb Code     4  stm32_adafruit_sd.o(i.BSP_SD_GetStatus)
    BSP_SD_Init                              0x080089e5   Thumb Code   340  stm32_adafruit_sd.o(i.BSP_SD_Init)
    BSP_SD_ReadBlocks                        0x08008b4d   Thumb Code   118  stm32_adafruit_sd.o(i.BSP_SD_ReadBlocks)
    BSP_SD_WriteBlocks                       0x08008be5   Thumb Code   134  stm32_adafruit_sd.o(i.BSP_SD_WriteBlocks)
    BusFault_Handler                         0x08008c8d   Thumb Code     2  stm32l1xx_it.o(i.BusFault_Handler)
    DebugMon_Handler                         0x08009395   Thumb Code     2  stm32l1xx_it.o(i.DebugMon_Handler)
    EXTI15_10_IRQHandler                     0x08009845   Thumb Code    46  stm32l1xx_it.o(i.EXTI15_10_IRQHandler)
    EXTI9_5_IRQHandler                       0x08009873   Thumb Code    28  stm32l1xx_it.o(i.EXTI9_5_IRQHandler)
    Error_Handler                            0x08009891   Thumb Code    22  main.o(i.Error_Handler)
    FATFS_LinkDriver                         0x080098b5   Thumb Code     6  ff_gen_drv.o(i.FATFS_LinkDriver)
    FATFS_LinkDriverEx                       0x080098bd   Thumb Code    60  ff_gen_drv.o(i.FATFS_LinkDriverEx)
    FLASH_WaitForLastOperation               0x08009969   Thumb Code    92  stm32l1xx_hal_flash.o(i.FLASH_WaitForLastOperation)
    HAL_Delay                                0x080099c9   Thumb Code    22  stm32l1xx_hal.o(i.HAL_Delay)
    HAL_FLASHEx_DATAEEPROM_Lock              0x080099e1   Thumb Code    14  stm32l1xx_hal_flash_ex.o(i.HAL_FLASHEx_DATAEEPROM_Lock)
    HAL_FLASHEx_DATAEEPROM_Program           0x080099f5   Thumb Code   204  stm32l1xx_hal_flash_ex.o(i.HAL_FLASHEx_DATAEEPROM_Program)
    HAL_FLASHEx_DATAEEPROM_Unlock            0x08009ac9   Thumb Code    28  stm32l1xx_hal_flash_ex.o(i.HAL_FLASHEx_DATAEEPROM_Unlock)
    HAL_GPIO_EXTI_Callback                   0x08009af1   Thumb Code   228  display_module.o(i.HAL_GPIO_EXTI_Callback)
    HAL_GPIO_EXTI_IRQHandler                 0x08009bf1   Thumb Code    18  stm32l1xx_hal_gpio.o(i.HAL_GPIO_EXTI_IRQHandler)
    HAL_GPIO_Init                            0x08009c09   Thumb Code   364  stm32l1xx_hal_gpio.o(i.HAL_GPIO_Init)
    HAL_GPIO_ReadPin                         0x08009d95   Thumb Code    10  stm32l1xx_hal_gpio.o(i.HAL_GPIO_ReadPin)
    HAL_GPIO_WritePin                        0x08009d9f   Thumb Code    10  stm32l1xx_hal_gpio.o(i.HAL_GPIO_WritePin)
    HAL_GetTick                              0x08009da9   Thumb Code     6  stm32l1xx_hal.o(i.HAL_GetTick)
    HAL_IWDG_Init                            0x08009db5   Thumb Code    82  stm32l1xx_hal_iwdg.o(i.HAL_IWDG_Init)
    HAL_IWDG_Refresh                         0x08009e07   Thumb Code    12  stm32l1xx_hal_iwdg.o(i.HAL_IWDG_Refresh)
    HAL_IncTick                              0x08009e15   Thumb Code    10  stm32l1xx_hal.o(i.HAL_IncTick)
    HAL_Init                                 0x08009e25   Thumb Code    40  stm32l1xx_hal.o(i.HAL_Init)
    HAL_InitTick                             0x08009e51   Thumb Code    34  stm32l1xx_hal.o(i.HAL_InitTick)
    HAL_MspInit                              0x08009e73   Thumb Code     2  stm32l1xx_hal.o(i.HAL_MspInit)
    HAL_NVIC_DisableIRQ                      0x08009e75   Thumb Code    22  stm32l1xx_hal_cortex.o(i.HAL_NVIC_DisableIRQ)
    HAL_NVIC_EnableIRQ                       0x08009e8b   Thumb Code    22  stm32l1xx_hal_cortex.o(i.HAL_NVIC_EnableIRQ)
    HAL_NVIC_SetPriority                     0x08009ea1   Thumb Code    60  stm32l1xx_hal_cortex.o(i.HAL_NVIC_SetPriority)
    HAL_NVIC_SetPriorityGrouping             0x08009ee1   Thumb Code    26  stm32l1xx_hal_cortex.o(i.HAL_NVIC_SetPriorityGrouping)
    HAL_NVIC_SystemReset                     0x08009f05   Thumb Code    24  stm32l1xx_hal_cortex.o(i.HAL_NVIC_SystemReset)
    HAL_PWREx_GetVoltageRange                0x08009f25   Thumb Code    10  stm32l1xx_hal_pwr_ex.o(i.HAL_PWREx_GetVoltageRange)
    HAL_PWR_EnableBkUpAccess                 0x08009f35   Thumb Code    20  stm32l1xx_hal_pwr.o(i.HAL_PWR_EnableBkUpAccess)
    HAL_PWR_EnterSLEEPMode                   0x08009f4d   Thumb Code    38  stm32l1xx_hal_pwr.o(i.HAL_PWR_EnterSLEEPMode)
    HAL_RCCEx_PeriphCLKConfig                0x08009f7d   Thumb Code   378  stm32l1xx_hal_rcc_ex.o(i.HAL_RCCEx_PeriphCLKConfig)
    HAL_RCC_ClockConfig                      0x0800a105   Thumb Code   450  stm32l1xx_hal_rcc.o(i.HAL_RCC_ClockConfig)
    HAL_RCC_GetHCLKFreq                      0x0800a2d9   Thumb Code     6  stm32l1xx_hal_rcc.o(i.HAL_RCC_GetHCLKFreq)
    HAL_RCC_GetPCLK1Freq                     0x0800a2e5   Thumb Code    34  stm32l1xx_hal_rcc.o(i.HAL_RCC_GetPCLK1Freq)
    HAL_RCC_GetPCLK2Freq                     0x0800a315   Thumb Code    34  stm32l1xx_hal_rcc.o(i.HAL_RCC_GetPCLK2Freq)
    HAL_RCC_GetSysClockFreq                  0x0800a345   Thumb Code   122  stm32l1xx_hal_rcc.o(i.HAL_RCC_GetSysClockFreq)
    HAL_RCC_OscConfig                        0x0800a3d1   Thumb Code  1860  stm32l1xx_hal_rcc.o(i.HAL_RCC_OscConfig)
    HAL_RTCEx_AlarmBEventCallback            0x0800ab21   Thumb Code     2  stm32l1xx_hal_rtc_ex.o(i.HAL_RTCEx_AlarmBEventCallback)
    HAL_RTC_AlarmAEventCallback              0x0800ab25   Thumb Code    14  sys_time_module.o(i.HAL_RTC_AlarmAEventCallback)
    HAL_RTC_AlarmIRQHandler                  0x0800ab39   Thumb Code    86  stm32l1xx_hal_rtc.o(i.HAL_RTC_AlarmIRQHandler)
    HAL_RTC_GetDate                          0x0800ab95   Thumb Code    62  stm32l1xx_hal_rtc.o(i.HAL_RTC_GetDate)
    HAL_RTC_GetTime                          0x0800abd9   Thumb Code    84  stm32l1xx_hal_rtc_ex.o(i.HAL_RTC_GetTime)
    HAL_RTC_Init                             0x0800ac31   Thumb Code   150  stm32l1xx_hal_rtc.o(i.HAL_RTC_Init)
    HAL_RTC_MspInit                          0x0800accd   Thumb Code   126  rtc.o(i.HAL_RTC_MspInit)
    HAL_RTC_SetAlarm_IT                      0x0800ad91   Thumb Code   404  stm32l1xx_hal_rtc_ex.o(i.HAL_RTC_SetAlarm_IT)
    HAL_RTC_SetDate                          0x0800af29   Thumb Code   196  stm32l1xx_hal_rtc.o(i.HAL_RTC_SetDate)
    HAL_RTC_SetTime                          0x0800aff1   Thumb Code   228  stm32l1xx_hal_rtc.o(i.HAL_RTC_SetTime)
    HAL_RTC_WaitForSynchro                   0x0800b0d9   Thumb Code    58  stm32l1xx_hal_rtc_ex.o(i.HAL_RTC_WaitForSynchro)
    HAL_SPI_DeInit                           0x0800b113   Thumb Code    40  stm32l1xx_hal_spi.o(i.HAL_SPI_DeInit)
    HAL_SPI_GetState                         0x0800b13b   Thumb Code     6  stm32l1xx_hal_spi.o(i.HAL_SPI_GetState)
    HAL_SPI_Init                             0x0800b141   Thumb Code   132  stm32l1xx_hal_spi_ex.o(i.HAL_SPI_Init)
    HAL_SPI_MspDeInit                        0x0800b1c5   Thumb Code     2  stm32l1xx_hal_spi.o(i.HAL_SPI_MspDeInit)
    HAL_SPI_MspInit                          0x0800b1c7   Thumb Code     2  stm32l1xx_hal_spi.o(i.HAL_SPI_MspInit)
    HAL_SPI_Transmit                         0x0800b1c9   Thumb Code   322  stm32l1xx_hal_spi.o(i.HAL_SPI_Transmit)
    HAL_SPI_TransmitReceive                  0x0800b30b   Thumb Code   690  stm32l1xx_hal_spi.o(i.HAL_SPI_TransmitReceive)
    HAL_SYSTICK_Config                       0x0800b5bd   Thumb Code    40  stm32l1xx_hal_cortex.o(i.HAL_SYSTICK_Config)
    HAL_TIM_Base_Start_IT                    0x0800b5e5   Thumb Code    24  stm32l1xx_hal_tim.o(i.HAL_TIM_Base_Start_IT)
    HAL_TIM_IC_CaptureCallback               0x0800b5fd   Thumb Code     2  stm32l1xx_hal_tim.o(i.HAL_TIM_IC_CaptureCallback)
    HAL_TIM_IC_ConfigChannel                 0x0800b601   Thumb Code   286  stm32l1xx_hal_tim.o(i.HAL_TIM_IC_ConfigChannel)
    HAL_TIM_IC_Init                          0x0800b71f   Thumb Code    54  stm32l1xx_hal_tim.o(i.HAL_TIM_IC_Init)
    HAL_TIM_IC_MspInit                       0x0800b755   Thumb Code    96  tim.o(i.HAL_TIM_IC_MspInit)
    HAL_TIM_IC_Start_IT                      0x0800b7c1   Thumb Code    76  stm32l1xx_hal_tim.o(i.HAL_TIM_IC_Start_IT)
    HAL_TIM_IRQHandler                       0x0800b80d   Thumb Code   294  stm32l1xx_hal_tim.o(i.HAL_TIM_IRQHandler)
    HAL_TIM_OC_DelayElapsedCallback          0x0800b933   Thumb Code     2  stm32l1xx_hal_tim.o(i.HAL_TIM_OC_DelayElapsedCallback)
    HAL_TIM_PWM_PulseFinishedCallback        0x0800b935   Thumb Code     2  stm32l1xx_hal_tim.o(i.HAL_TIM_PWM_PulseFinishedCallback)
    HAL_TIM_PeriodElapsedCallback            0x0800b937   Thumb Code     2  stm32l1xx_hal_tim.o(i.HAL_TIM_PeriodElapsedCallback)
    HAL_TIM_TriggerCallback                  0x0800b939   Thumb Code     2  stm32l1xx_hal_tim.o(i.HAL_TIM_TriggerCallback)
    HAL_UART_ErrorCallback                   0x0800b93b   Thumb Code     2  stm32l1xx_hal_uart.o(i.HAL_UART_ErrorCallback)
    HAL_UART_Init                            0x0800b93d   Thumb Code    94  stm32l1xx_hal_uart.o(i.HAL_UART_Init)
    HAL_UART_MspInit                         0x0800b99d   Thumb Code   268  usart.o(i.HAL_UART_MspInit)
    HAL_UART_Transmit                        0x0800bac5   Thumb Code   204  stm32l1xx_hal_uart.o(i.HAL_UART_Transmit)
    HardFault_Handler                        0x0800bb91   Thumb Code     2  stm32l1xx_it.o(i.HardFault_Handler)
    I2C_delay                                0x0800bfc5   Thumb Code    12  pcf8563.o(i.I2C_delay)
    IIC_Ack                                  0x0800bfd1   Thumb Code    64  pcf8563.o(i.IIC_Ack)
    IIC_Init                                 0x0800c015   Thumb Code   200  pcf8563.o(i.IIC_Init)
    IIC_NAck                                 0x0800c0dd   Thumb Code    64  pcf8563.o(i.IIC_NAck)
    IIC_Read_Byte                            0x0800c121   Thumb Code   104  pcf8563.o(i.IIC_Read_Byte)
    IIC_Send_Byte                            0x0800c18d   Thumb Code   112  pcf8563.o(i.IIC_Send_Byte)
    IIC_Start                                0x0800c201   Thumb Code    68  pcf8563.o(i.IIC_Start)
    IIC_Stop                                 0x0800c249   Thumb Code    68  pcf8563.o(i.IIC_Stop)
    IIC_Wait_Ack                             0x0800c291   Thumb Code   102  pcf8563.o(i.IIC_Wait_Ack)
    IWDG_Init                                0x0800c2fd   Thumb Code    20  iwdg.o(i.IWDG_Init)
    MX_GPIO_Init                             0x0800c319   Thumb Code   428  gpio.o(i.MX_GPIO_Init)
    MX_RTC_Init                              0x0800c4dd   Thumb Code    78  rtc.o(i.MX_RTC_Init)
    MemManage_Handler                        0x0800c8a1   Thumb Code     2  stm32l1xx_it.o(i.MemManage_Handler)
    NMI_Handler                              0x0800c8a3   Thumb Code     2  stm32l1xx_it.o(i.NMI_Handler)
    OLED_Char                                0x0800c8d9   Thumb Code   112  lcd.o(i.OLED_Char)
    OLED_Clear                               0x0800c94d   Thumb Code    18  lcd.o(i.OLED_Clear)
    OLED_DrawPoint                           0x0800c961   Thumb Code    44  lcd.o(i.OLED_DrawPoint)
    OLED_Init                                0x0800c991   Thumb Code   106  lcd.o(i.OLED_Init)
    OLED_OpenMenu_SL3                        0x0800ca01   Thumb Code   206  lcd.o(i.OLED_OpenMenu_SL3)
    OLED_Refresh_Gram                        0x0800cb0d   Thumb Code   146  lcd.o(i.OLED_Refresh_Gram)
    OLED_ShowString                          0x0800cba5   Thumb Code    66  lcd.o(i.OLED_ShowString)
    OLED_W_Command                           0x0800cbe9   Thumb Code    72  lcd.o(i.OLED_W_Command)
    OLED_W_Data                              0x0800cc35   Thumb Code    70  lcd.o(i.OLED_W_Data)
    PCF8563_Read_Time                        0x0800cc81   Thumb Code   222  pcf8563.o(i.PCF8563_Read_Time)
    PCF8563_Set_Time                         0x0800cd65   Thumb Code   246  pcf8563.o(i.PCF8563_Set_Time)
    PostSleepProcessing                      0x0800ce61   Thumb Code     2  main.o(i.PostSleepProcessing)
    PreSleepProcessing                       0x0800ce63   Thumb Code     8  main.o(i.PreSleepProcessing)
    Processing_FileManagement_Command        0x0800ce6d   Thumb Code   716  storage_moudle.o(i.Processing_FileManagement_Command)
    RTC_Alarm_IRQHandler                     0x0800d489   Thumb Code     6  stm32l1xx_it.o(i.RTC_Alarm_IRQHandler)
    RTC_Bcd2ToByte                           0x0800d495   Thumb Code    18  stm32l1xx_hal_rtc.o(i.RTC_Bcd2ToByte)
    RTC_ByteToBcd2                           0x0800d4a7   Thumb Code    22  stm32l1xx_hal_rtc.o(i.RTC_ByteToBcd2)
    RTC_EnterInitMode                        0x0800d4bd   Thumb Code    58  stm32l1xx_hal_rtc.o(i.RTC_EnterInitMode)
    SDA_IN                                   0x0800d4f9   Thumb Code    50  pcf8563.o(i.SDA_IN)
    SDA_OUT                                  0x0800d535   Thumb Code    52  pcf8563.o(i.SDA_OUT)
    SD_IO_Init                               0x0800d88d   Thumb Code    90  sd_io_low.o(i.SD_IO_Init)
    SD_IO_ReadByte                           0x0800d8f1   Thumb Code    40  sd_io_low.o(i.SD_IO_ReadByte)
    SD_IO_WaitResponse                       0x0800d921   Thumb Code    36  sd_io_low.o(i.SD_IO_WaitResponse)
    SD_IO_WriteByte                          0x0800d945   Thumb Code    30  sd_io_low.o(i.SD_IO_WriteByte)
    SD_IO_WriteCmd                           0x0800d96d   Thumb Code    72  sd_io_low.o(i.SD_IO_WriteCmd)
    SD_IO_WriteDummy                         0x0800d9b9   Thumb Code    22  sd_io_low.o(i.SD_IO_WriteDummy)
    SD_SPI_SpeedHigh                         0x0800da0d   Thumb Code    42  sd_io_low.o(i.SD_SPI_SpeedHigh)
    SD_SPI_SpeedLow                          0x0800da3d   Thumb Code    46  sd_io_low.o(i.SD_SPI_SpeedLow)
    SD_initialize                            0x0800db55   Thumb Code    26  sd_diskio.o(i.SD_initialize)
    SD_ioctl                                 0x0800db75   Thumb Code    68  sd_diskio.o(i.SD_ioctl)
    SD_read                                  0x0800dbbd   Thumb Code    24  sd_diskio.o(i.SD_read)
    SD_status                                0x0800dbd5   Thumb Code    26  sd_diskio.o(i.SD_status)
    SD_write                                 0x0800dbf5   Thumb Code    24  sd_diskio.o(i.SD_write)
    SPI1_ReadWriteByte                       0x0800dc0d   Thumb Code    28  sd_io_low.o(i.SPI1_ReadWriteByte)
    SubaDay                                  0x0800e521   Thumb Code    76  time_related.o(i.SubaDay)
    SubaHour                                 0x0800e571   Thumb Code    92  time_related.o(i.SubaHour)
    SysTick_Handler                          0x0800e5d1   Thumb Code    14  stm32l1xx_it.o(i.SysTick_Handler)
    SystemClock_Config                       0x0800ef3d   Thumb Code   154  main.o(i.SystemClock_Config)
    SystemInit                               0x0800efe1   Thumb Code    62  system_stm32l1xx.o(i.SystemInit)
    TIM3_IRQHandler                          0x0800f031   Thumb Code     6  stm32l1xx_it.o(i.TIM3_IRQHandler)
    TIM3_Init                                0x0800f03d   Thumb Code    50  tim.o(i.TIM3_Init)
    TIM6_IRQHandler                          0x0800f079   Thumb Code     6  stm32l1xx_it.o(i.TIM6_IRQHandler)
    USART1_IRQHandler                        0x0800f981   Thumb Code   230  usart_module.o(i.USART1_IRQHandler)
    USART1_UART_Init                         0x0800fa75   Thumb Code    30  usart.o(i.USART1_UART_Init)
    USART2_IRQHandler                        0x0800fa9d   Thumb Code   230  usart_module.o(i.USART2_IRQHandler)
    USART2_UART_Init                         0x0800fb91   Thumb Code    34  usart.o(i.USART2_UART_Init)
    UsageFault_Handler                       0x0800fbbd   Thumb Code     2  stm32l1xx_it.o(i.UsageFault_Handler)
    __0printf$6                              0x08011445   Thumb Code    22  printf6.o(i.__0printf$6)
    __1printf$6                              0x08011445   Thumb Code     0  printf6.o(i.__0printf$6)
    __2printf                                0x08011445   Thumb Code     0  printf6.o(i.__0printf$6)
    __0snprintf$6                            0x08011465   Thumb Code    36  printf6.o(i.__0snprintf$6)
    __1snprintf$6                            0x08011465   Thumb Code     0  printf6.o(i.__0snprintf$6)
    __2snprintf                              0x08011465   Thumb Code     0  printf6.o(i.__0snprintf$6)
    __scatterload_copy                       0x0801148d   Thumb Code    14  handlers.o(i.__scatterload_copy)
    __scatterload_null                       0x0801149b   Thumb Code     2  handlers.o(i.__scatterload_null)
    __scatterload_zeroinit                   0x0801149d   Thumb Code    14  handlers.o(i.__scatterload_zeroinit)
    clust2sect                               0x0801191f   Thumb Code    30  ff.o(i.clust2sect)
    data_eeprom_read                         0x08011b25   Thumb Code    50  eeprom.o(i.data_eeprom_read)
    data_eeprom_write                        0x08011b59   Thumb Code   116  eeprom.o(i.data_eeprom_write)
    disk_initialize                          0x08011ee1   Thumb Code    36  diskio.o(i.disk_initialize)
    disk_ioctl                               0x08011f09   Thumb Code    24  diskio.o(i.disk_ioctl)
    disk_read                                0x08011f25   Thumb Code    24  diskio.o(i.disk_read)
    disk_status                              0x08011f41   Thumb Code    18  diskio.o(i.disk_status)
    disk_write                               0x08011f59   Thumb Code    24  diskio.o(i.disk_write)
    eTaskConfirmSleepModeStatus              0x08011f75   Thumb Code    38  tasks.o(i.eTaskConfirmSleepModeStatus)
    f_chdir                                  0x08011fa5   Thumb Code    90  ff.o(i.f_chdir)
    f_close                                  0x08011fff   Thumb Code    54  ff.o(i.f_close)
    f_closedir                               0x08012035   Thumb Code    48  ff.o(i.f_closedir)
    f_getcwd                                 0x08012065   Thumb Code   258  ff.o(i.f_getcwd)
    f_getfree                                0x08012167   Thumb Code   212  ff.o(i.f_getfree)
    f_lseek                                  0x0801223d   Thumb Code   684  ff.o(i.f_lseek)
    f_mkdir                                  0x080124e9   Thumb Code   376  ff.o(i.f_mkdir)
    f_mount                                  0x08012661   Thumb Code   126  ff.o(i.f_mount)
    f_open                                   0x080126e5   Thumb Code   420  ff.o(i.f_open)
    f_opendir                                0x0801288d   Thumb Code   156  ff.o(i.f_opendir)
    f_read                                   0x08012929   Thumb Code   466  ff.o(i.f_read)
    f_readdir                                0x08012afb   Thumb Code    98  ff.o(i.f_readdir)
    f_stat                                   0x08012b5d   Thumb Code    72  ff.o(i.f_stat)
    f_sync                                   0x08012ba5   Thumb Code   210  ff.o(i.f_sync)
    f_unlink                                 0x08012c77   Thumb Code   204  ff.o(i.f_unlink)
    f_write                                  0x08012d45   Thumb Code   538  ff.o(i.f_write)
    ff_cre_syncobj                           0x08012f5f   Thumb Code    26  syscall.o(i.ff_cre_syncobj)
    ff_del_syncobj                           0x08012f79   Thumb Code    10  syscall.o(i.ff_del_syncobj)
    ff_rel_grant                             0x08012f83   Thumb Code     4  syscall.o(i.ff_rel_grant)
    ff_req_grant                             0x08012f87   Thumb Code    20  syscall.o(i.ff_req_grant)
    fputc                                    0x080132ed   Thumb Code    36  usart.o(i.fputc)
    get_fat                                  0x08013315   Thumb Code   194  ff.o(i.get_fat)
    get_fattime                              0x080133d7   Thumb Code     4  diskio.o(i.get_fattime)
    get_sys_time                             0x08013469   Thumb Code    86  sys_time_module.o(i.get_sys_time)
    get_sys_time_tm                          0x080134c9   Thumb Code    90  sys_time_module.o(i.get_sys_time_tm)
    init_display_module                      0x080136dd   Thumb Code    86  display_module.o(i.init_display_module)
    init_storage_module                      0x0801373d   Thumb Code   156  storage_moudle.o(i.init_storage_module)
    init_sys_time_module                     0x08013809   Thumb Code   112  sys_time_module.o(i.init_sys_time_module)
    init_usart_module                        0x08013889   Thumb Code   300  usart_module.o(i.init_usart_module)
    isLeapYear                               0x080139c5   Thumb Code    38  time_related.o(i.isLeapYear)
    l_mktime                                 0x080139ed   Thumb Code    90  time_related.o(i.l_mktime)
    main                                     0x08013a69   Thumb Code    28  main.o(i.main)
    osDelay                                  0x08013aef   Thumb Code    14  cmsis_os.o(i.osDelay)
    osKernelStart                            0x08013afd   Thumb Code    10  cmsis_os.o(i.osKernelStart)
    osMessageCreate                          0x08013b07   Thumb Code     8  cmsis_os.o(i.osMessageCreate)
    osMessageGet                             0x08013b11   Thumb Code   138  cmsis_os.o(i.osMessageGet)
    osMessagePut                             0x08013ba1   Thumb Code    78  cmsis_os.o(i.osMessagePut)
    osMutexCreate                            0x08013bf5   Thumb Code     6  cmsis_os.o(i.osMutexCreate)
    osMutexRelease                           0x08013bfd   Thumb Code    66  cmsis_os.o(i.osMutexRelease)
    osMutexWait                              0x08013c45   Thumb Code    92  cmsis_os.o(i.osMutexWait)
    osSemaphoreCreate                        0x08013ca5   Thumb Code    46  cmsis_os.o(i.osSemaphoreCreate)
    osSemaphoreDelete                        0x08013cd3   Thumb Code    24  cmsis_os.o(i.osSemaphoreDelete)
    osSemaphoreRelease                       0x08013ced   Thumb Code    66  cmsis_os.o(i.osSemaphoreRelease)
    osSemaphoreWait                          0x08013d35   Thumb Code    92  cmsis_os.o(i.osSemaphoreWait)
    osSystickHandler                         0x08013d95   Thumb Code    20  cmsis_os.o(i.osSystickHandler)
    osThreadCreate                           0x08013da9   Thumb Code    56  cmsis_os.o(i.osThreadCreate)
    pic_clear_u                              0x08013de1   Thumb Code   130  lcd.o(i.pic_clear_u)
    pic_u                                    0x08013e63   Thumb Code    98  lcd.o(i.pic_u)
    put_fat                                  0x08014181   Thumb Code   248  ff.o(i.put_fat)
    pvPortMalloc                             0x08014279   Thumb Code   182  heap_4.o(i.pvPortMalloc)
    pvTaskIncrementMutexHeldCount            0x08014335   Thumb Code    18  tasks.o(i.pvTaskIncrementMutexHeldCount)
    pxPortInitialiseStack                    0x0801434d   Thumb Code    28  port.o(i.pxPortInitialiseStack)
    rain_hour_fill                           0x0801436d   Thumb Code   218  sensor.o(i.rain_hour_fill)
    read_file_hour                           0x0801448d   Thumb Code   358  storage_moudle.o(i.read_file_hour)
    set_sys_time                             0x08014705   Thumb Code   158  sys_time_module.o(i.set_sys_time)
    start_storage                            0x080147c1   Thumb Code    24  storage_moudle.o(i.start_storage)
    sync_time                                0x08014895   Thumb Code   164  time_related.o(i.sync_time)
    uxListRemove                             0x080149db   Thumb Code    36  list.o(i.uxListRemove)
    vListInitialise                          0x080149ff   Thumb Code    22  list.o(i.vListInitialise)
    vListInitialiseItem                      0x08014a15   Thumb Code     6  list.o(i.vListInitialiseItem)
    vListInsert                              0x08014a1b   Thumb Code    48  list.o(i.vListInsert)
    vListInsertEnd                           0x08014a4b   Thumb Code    24  list.o(i.vListInsertEnd)
    vPortEnterCritical                       0x08014a65   Thumb Code    44  port.o(i.vPortEnterCritical)
    vPortExitCritical                        0x08014a99   Thumb Code    30  port.o(i.vPortExitCritical)
    vPortFree                                0x08014abd   Thumb Code    68  heap_4.o(i.vPortFree)
    vPortSetupTimerInterrupt                 0x08014b05   Thumb Code    58  port.o(i.vPortSetupTimerInterrupt)
    vPortSuppressTicksAndSleep               0x08014b49   Thumb Code   220  port.o(i.vPortSuppressTicksAndSleep)
    vPortValidateInterruptPriority           0x08014c29   Thumb Code    54  port.o(i.vPortValidateInterruptPriority)
    vPortYield                               0x08014c69   Thumb Code    18  port.o(i.vPortYield)
    vQueueDelete                             0x08014c81   Thumb Code    26  queue.o(i.vQueueDelete)
    vQueueUnregisterQueue                    0x08014c9d   Thumb Code    30  queue.o(i.vQueueUnregisterQueue)
    vTaskDelay                               0x08014cc1   Thumb Code    76  tasks.o(i.vTaskDelay)
    vTaskMissedYield                         0x08014d11   Thumb Code     8  tasks.o(i.vTaskMissedYield)
    vTaskPlaceOnEventList                    0x08014d1d   Thumb Code    80  tasks.o(i.vTaskPlaceOnEventList)
    vTaskPriorityInherit                     0x08014d75   Thumb Code   124  tasks.o(i.vTaskPriorityInherit)
    vTaskSetTimeOutState                     0x08014df9   Thumb Code    22  tasks.o(i.vTaskSetTimeOutState)
    vTaskStartScheduler                      0x08014e15   Thumb Code    66  tasks.o(i.vTaskStartScheduler)
    vTaskStepTick                            0x08014e69   Thumb Code    28  tasks.o(i.vTaskStepTick)
    vTaskSuspendAll                          0x08014e89   Thumb Code    10  tasks.o(i.vTaskSuspendAll)
    vTaskSwitchContext                       0x08014e99   Thumb Code    74  tasks.o(i.vTaskSwitchContext)
    xPortGetFreeHeapSize                     0x08014f2d   Thumb Code     6  heap_4.o(i.xPortGetFreeHeapSize)
    xPortGetMinimumEverFreeHeapSize          0x08014f39   Thumb Code     6  heap_4.o(i.xPortGetMinimumEverFreeHeapSize)
    xPortStartScheduler                      0x08014f45   Thumb Code   102  port.o(i.xPortStartScheduler)
    xPortSysTickHandler                      0x08014fb9   Thumb Code    30  port.o(i.xPortSysTickHandler)
    xQueueCreateCountingSemaphore            0x08014fdd   Thumb Code    42  queue.o(i.xQueueCreateCountingSemaphore)
    xQueueCreateMutex                        0x08015007   Thumb Code    74  queue.o(i.xQueueCreateMutex)
    xQueueGenericCreate                      0x08015051   Thumb Code    80  queue.o(i.xQueueGenericCreate)
    xQueueGenericReceive                     0x080150a1   Thumb Code   302  queue.o(i.xQueueGenericReceive)
    xQueueGenericReset                       0x080151cf   Thumb Code   106  queue.o(i.xQueueGenericReset)
    xQueueGenericSend                        0x08015239   Thumb Code   276  queue.o(i.xQueueGenericSend)
    xQueueGenericSendFromISR                 0x0801534d   Thumb Code   140  queue.o(i.xQueueGenericSendFromISR)
    xQueueGiveFromISR                        0x080153d9   Thumb Code   118  queue.o(i.xQueueGiveFromISR)
    xQueueReceiveFromISR                     0x0801544f   Thumb Code   118  queue.o(i.xQueueReceiveFromISR)
    xTaskCheckForTimeOut                     0x080154c5   Thumb Code    82  tasks.o(i.xTaskCheckForTimeOut)
    xTaskGenericCreate                       0x0801551d   Thumb Code   388  tasks.o(i.xTaskGenericCreate)
    xTaskGetSchedulerState                   0x080156a9   Thumb Code    22  tasks.o(i.xTaskGetSchedulerState)
    xTaskIncrementTick                       0x080156c5   Thumb Code   184  tasks.o(i.xTaskIncrementTick)
    xTaskPriorityDisinherit                  0x08015785   Thumb Code   124  tasks.o(i.xTaskPriorityDisinherit)
    xTaskRemoveFromEventList                 0x08015809   Thumb Code   104  tasks.o(i.xTaskRemoveFromEventList)
    xTaskResumeAll                           0x08015879   Thumb Code   162  tasks.o(i.xTaskResumeAll)
    PLLMulTable                              0x08015924   Data           9  system_stm32l1xx.o(.constdata)
    AHBPrescTable                            0x0801592d   Data          16  system_stm32l1xx.o(.constdata)
    APBPrescTable                            0x0801593d   Data           8  system_stm32l1xx.o(.constdata)
    DayOfMon                                 0x080159f4   Data          52  time_related.o(.constdata)
    SD_Driver                                0x08016844   Data          20  sd_diskio.o(.constdata)
    __ctype_categories                       0x08016858   Data          64  ctype_c.o(.constdata)
    Region$$Table$$Base                      0x08016a00   Number         0  anon$$obj.o(Region$$Table)
    Region$$Table$$Limit                     0x08016a20   Number         0  anon$$obj.o(Region$$Table)
    pxCurrentTCB                             0x20000000   Data           4  tasks.o(.data)
    SystemCoreClock                          0x20000038   Data           4  system_stm32l1xx.o(.data)
    power_flag                               0x20000054   Data           1  usart_module.o(.data)
    download_flag                            0x20000055   Data           1  usart_module.o(.data)
    usart_debug                              0x20000056   Data           1  usart_module.o(.data)
    download_number                          0x20000060   Data           4  usart_module.o(.data)
    year2                                    0x20000064   Data           4  usart_module.o(.data)
    month2                                   0x20000068   Data           4  usart_module.o(.data)
    day2                                     0x2000006c   Data           4  usart_module.o(.data)
    hour2                                    0x20000070   Data           4  usart_module.o(.data)
    SpixTimeout                              0x200000dc   Data           4  sd_io_low.o(.data)
    PCF_DataStruct_Time                      0x200000e0   Data           7  pcf8563.o(.data)
    Time_Buffer                              0x200000e7   Data           7  pcf8563.o(.data)
    TAB5                                     0x200000ee   Data          32  lcd.o(.data)
    TAB6                                     0x2000010e   Data         128  lcd.o(.data)
    TAB8                                     0x2000018e   Data         128  lcd.o(.data)
    TAB7                                     0x2000020e   Data         128  lcd.o(.data)
    uwTick                                   0x20000290   Data           4  stm32l1xx_hal.o(.data)
    SD_Type                                  0x200002cd   Data           1  stm32_adafruit_sd.o(.data)
    __stdout                                 0x200002d0   Data           4  stdout.o(.data)
    xQueueRegistry                           0x200003c4   Data          64  queue.o(.bss)
    data_buf                                 0x20000adc   Data         256  usart_module.o(.bss)
    disp_buf                                 0x20000bdc   Data          20  usart_module.o(.bss)
    huart1                                   0x200015f8   Data          64  usart.o(.bss)
    huart2                                   0x20001638   Data          64  usart.o(.bss)
    huart3                                   0x20001678   Data          64  usart.o(.bss)
    hrtc                                     0x200016b8   Data          32  rtc.o(.bss)
    hiwdg                                    0x200016d8   Data          12  iwdg.o(.bss)
    htim3                                    0x2000173c   Data          56  tim.o(.bss)
    htim6                                    0x20001774   Data          56  tim.o(.bss)
    rain_sample                              0x200017ac   Data          88  sensor.o(.bss)
    OLED_GRAM                                0x20001804   Data        1024  lcd.o(.bss)
    pFlash                                   0x20001c04   Data          24  stm32l1xx_hal_flash.o(.bss)
    disk                                     0x200058ac   Data          12  ff_gen_drv.o(.bss)
    __initial_sp                             0x200068b8   Data           0  startup_stm32l152xc.o(STACK)



==============================================================================

Memory Map of the image

  Image Entry point : 0x08008125

  Load Region LR_IROM1 (Base: 0x08008000, Size: 0x0000ecf4, Max: 0x00038000, ABSOLUTE, COMPRESSED[0x0000ea50])

    Execution Region ER_IROM1 (Base: 0x08008000, Size: 0x0000ea20, Max: 0x00038000, ABSOLUTE)

    Base Addr    Size         Type   Attr      Idx    E Section Name        Object

    0x08008000   0x00000124   Data   RO          914    RESET               startup_stm32l152xc.o
    0x08008124   0x00000000   Code   RO         6787  * .ARM.Collect$$$$00000000  mc_w.l(entry.o)
    0x08008124   0x00000004   Code   RO         7069    .ARM.Collect$$$$00000001  mc_w.l(entry2.o)
    0x08008128   0x00000004   Code   RO         7072    .ARM.Collect$$$$00000004  mc_w.l(entry5.o)
    0x0800812c   0x00000000   Code   RO         7074    .ARM.Collect$$$$00000008  mc_w.l(entry7b.o)
    0x0800812c   0x00000000   Code   RO         7076    .ARM.Collect$$$$0000000A  mc_w.l(entry8b.o)
    0x0800812c   0x00000008   Code   RO         7077    .ARM.Collect$$$$0000000B  mc_w.l(entry9a.o)
    0x08008134   0x00000000   Code   RO         7079    .ARM.Collect$$$$0000000D  mc_w.l(entry10a.o)
    0x08008134   0x00000000   Code   RO         7081    .ARM.Collect$$$$0000000F  mc_w.l(entry11a.o)
    0x08008134   0x00000004   Code   RO         7070    .ARM.Collect$$$$00002712  mc_w.l(entry2.o)
    0x08008138   0x000000a2   Code   RO         5972    .emb_text           port.o
    0x080081da   0x00000002   PAD
    0x080081dc   0x00000024   Code   RO          915    .text               startup_stm32l152xc.o
    0x08008200   0x00000024   Code   RO         6790    .text               mc_w.l(memcpya.o)
    0x08008224   0x00000024   Code   RO         6792    .text               mc_w.l(memseta.o)
    0x08008248   0x00000024   Code   RO         6794    .text               mc_w.l(strstr.o)
    0x0800826c   0x0000000e   Code   RO         6796    .text               mc_w.l(strlen.o)
    0x0800827a   0x0000002a   Code   RO         6800    .text               mc_w.l(strcasecmp.o)
    0x080082a4   0x00000032   Code   RO         6802    .text               mc_w.l(strncasecmp.o)
    0x080082d6   0x00000002   PAD
    0x080082d8   0x00000038   Code   RO         7065    .text               mc_w.l(__0sscanf.o)
    0x08008310   0x0000014c   Code   RO         7067    .text               mc_w.l(_scanf_int.o)
    0x0800845c   0x0000002c   Code   RO         7084    .text               mc_w.l(uidiv.o)
    0x08008488   0x0000000c   Code   RO         7088    .text               mc_w.l(tolower.o)
    0x08008494   0x0000001c   Code   RO         7090    .text               mc_w.l(_chval.o)
    0x080084b0   0x00000028   Code   RO         7092    .text               mc_w.l(scanf_char.o)
    0x080084d8   0x00000040   Code   RO         7094    .text               mc_w.l(_sgetc.o)
    0x08008518   0x00000024   Code   RO         7107    .text               mc_w.l(init.o)
    0x0800853c   0x0000000a   Code   RO         7115    .text               mc_w.l(isspace_c.o)
    0x08008546   0x00000002   PAD
    0x08008548   0x0000032c   Code   RO         7117    .text               mc_w.l(_scanf.o)
    0x08008874   0x00000028   Code   RO         7121    .text               mc_w.l(ctype_c.o)
    0x0800889c   0x00000056   Code   RO         7132    .text               mc_w.l(__dczerorl2.o)
    0x080088f2   0x00000002   PAD
    0x080088f4   0x0000004c   Code   RO         1842    i.AddaDay           time_related.o
    0x08008940   0x00000060   Code   RO         1843    i.AddaHour          time_related.o
    0x080089a0   0x0000003e   Code   RO         6690    i.BSP_SD_GetCardInfo  stm32_adafruit_sd.o
    0x080089de   0x00000004   Code   RO         6691    i.BSP_SD_GetStatus  stm32_adafruit_sd.o
    0x080089e2   0x00000002   PAD
    0x080089e4   0x00000168   Code   RO         6692    i.BSP_SD_Init       stm32_adafruit_sd.o
    0x08008b4c   0x00000098   Code   RO         6693    i.BSP_SD_ReadBlocks  stm32_adafruit_sd.o
    0x08008be4   0x000000a8   Code   RO         6694    i.BSP_SD_WriteBlocks  stm32_adafruit_sd.o
    0x08008c8c   0x00000002   Code   RO         1610    i.BusFault_Handler  stm32l1xx_it.o
    0x08008c8e   0x00000002   PAD
    0x08008c90   0x00000020   Code   RO         1417    i.DatarScreen_ButtonHandler  display_module.o
    0x08008cb0   0x00000264   Code   RO         1418    i.DatarScreen_Display  display_module.o
    0x08008f14   0x00000214   Code   RO         1419    i.DayScreen_ButtonHandler  display_module.o
    0x08009128   0x0000026c   Code   RO         1420    i.DayScreen_Display  display_module.o
    0x08009394   0x00000002   Code   RO         1611    i.DebugMon_Handler  stm32l1xx_it.o
    0x08009396   0x00000002   PAD
    0x08009398   0x00000134   Code   RO         1421    i.DemandScreen_ButtonHandler  display_module.o
    0x080094cc   0x000002d8   Code   RO         1422    i.DemandScreen_Display  display_module.o
    0x080097a4   0x000000a0   Code   RO         1423    i.Display_Thread    display_module.o
    0x08009844   0x0000002e   Code   RO         1612    i.EXTI15_10_IRQHandler  stm32l1xx_it.o
    0x08009872   0x0000001c   Code   RO         1613    i.EXTI9_5_IRQHandler  stm32l1xx_it.o
    0x0800988e   0x00000002   PAD
    0x08009890   0x00000024   Code   RO         1555    i.Error_Handler     main.o
    0x080098b4   0x00000006   Code   RO         6514    i.FATFS_LinkDriver  ff_gen_drv.o
    0x080098ba   0x00000002   PAD
    0x080098bc   0x00000040   Code   RO         6515    i.FATFS_LinkDriverEx  ff_gen_drv.o
    0x080098fc   0x0000006c   Code   RO         3393    i.FLASH_SetErrorCode  stm32l1xx_hal_flash.o
    0x08009968   0x00000060   Code   RO         3394    i.FLASH_WaitForLastOperation  stm32l1xx_hal_flash.o
    0x080099c8   0x00000016   Code   RO         2603    i.HAL_Delay         stm32l1xx_hal.o
    0x080099de   0x00000002   PAD
    0x080099e0   0x00000014   Code   RO         3501    i.HAL_FLASHEx_DATAEEPROM_Lock  stm32l1xx_hal_flash_ex.o
    0x080099f4   0x000000d4   Code   RO         3502    i.HAL_FLASHEx_DATAEEPROM_Program  stm32l1xx_hal_flash_ex.o
    0x08009ac8   0x00000028   Code   RO         3503    i.HAL_FLASHEx_DATAEEPROM_Unlock  stm32l1xx_hal_flash_ex.o
    0x08009af0   0x00000100   Code   RO         1424    i.HAL_GPIO_EXTI_Callback  display_module.o
    0x08009bf0   0x00000018   Code   RO         3086    i.HAL_GPIO_EXTI_IRQHandler  stm32l1xx_hal_gpio.o
    0x08009c08   0x0000018c   Code   RO         3087    i.HAL_GPIO_Init     stm32l1xx_hal_gpio.o
    0x08009d94   0x0000000a   Code   RO         3089    i.HAL_GPIO_ReadPin  stm32l1xx_hal_gpio.o
    0x08009d9e   0x0000000a   Code   RO         3091    i.HAL_GPIO_WritePin  stm32l1xx_hal_gpio.o
    0x08009da8   0x0000000c   Code   RO         2607    i.HAL_GetTick       stm32l1xx_hal.o
    0x08009db4   0x00000052   Code   RO         3619    i.HAL_IWDG_Init     stm32l1xx_hal_iwdg.o
    0x08009e06   0x0000000c   Code   RO         3620    i.HAL_IWDG_Refresh  stm32l1xx_hal_iwdg.o
    0x08009e12   0x00000002   PAD
    0x08009e14   0x00000010   Code   RO         2608    i.HAL_IncTick       stm32l1xx_hal.o
    0x08009e24   0x0000002c   Code   RO         2609    i.HAL_Init          stm32l1xx_hal.o
    0x08009e50   0x00000022   Code   RO         2610    i.HAL_InitTick      stm32l1xx_hal.o
    0x08009e72   0x00000002   Code   RO         2612    i.HAL_MspInit       stm32l1xx_hal.o
    0x08009e74   0x00000016   Code   RO         2475    i.HAL_NVIC_DisableIRQ  stm32l1xx_hal_cortex.o
    0x08009e8a   0x00000016   Code   RO         2476    i.HAL_NVIC_EnableIRQ  stm32l1xx_hal_cortex.o
    0x08009ea0   0x00000040   Code   RO         2482    i.HAL_NVIC_SetPriority  stm32l1xx_hal_cortex.o
    0x08009ee0   0x00000024   Code   RO         2483    i.HAL_NVIC_SetPriorityGrouping  stm32l1xx_hal_cortex.o
    0x08009f04   0x00000020   Code   RO         2484    i.HAL_NVIC_SystemReset  stm32l1xx_hal_cortex.o
    0x08009f24   0x00000010   Code   RO         2923    i.HAL_PWREx_GetVoltageRange  stm32l1xx_hal_pwr_ex.o
    0x08009f34   0x00000018   Code   RO         2804    i.HAL_PWR_EnableBkUpAccess  stm32l1xx_hal_pwr.o
    0x08009f4c   0x00000030   Code   RO         2809    i.HAL_PWR_EnterSLEEPMode  stm32l1xx_hal_pwr.o
    0x08009f7c   0x00000188   Code   RO         2738    i.HAL_RCCEx_PeriphCLKConfig  stm32l1xx_hal_rcc_ex.o
    0x0800a104   0x000001d4   Code   RO         2978    i.HAL_RCC_ClockConfig  stm32l1xx_hal_rcc.o
    0x0800a2d8   0x0000000c   Code   RO         2983    i.HAL_RCC_GetHCLKFreq  stm32l1xx_hal_rcc.o
    0x0800a2e4   0x00000030   Code   RO         2985    i.HAL_RCC_GetPCLK1Freq  stm32l1xx_hal_rcc.o
    0x0800a314   0x00000030   Code   RO         2986    i.HAL_RCC_GetPCLK2Freq  stm32l1xx_hal_rcc.o
    0x0800a344   0x0000008c   Code   RO         2987    i.HAL_RCC_GetSysClockFreq  stm32l1xx_hal_rcc.o
    0x0800a3d0   0x00000750   Code   RO         2990    i.HAL_RCC_OscConfig  stm32l1xx_hal_rcc.o
    0x0800ab20   0x00000002   Code   RO         3756    i.HAL_RTCEx_AlarmBEventCallback  stm32l1xx_hal_rtc_ex.o
    0x0800ab22   0x00000002   PAD
    0x0800ab24   0x00000014   Code   RO         1136    i.HAL_RTC_AlarmAEventCallback  sys_time_module.o
    0x0800ab38   0x0000005c   Code   RO         3650    i.HAL_RTC_AlarmIRQHandler  stm32l1xx_hal_rtc.o
    0x0800ab94   0x00000044   Code   RO         3653    i.HAL_RTC_GetDate   stm32l1xx_hal_rtc.o
    0x0800abd8   0x00000058   Code   RO         3795    i.HAL_RTC_GetTime   stm32l1xx_hal_rtc_ex.o
    0x0800ac30   0x0000009c   Code   RO         3655    i.HAL_RTC_Init      stm32l1xx_hal_rtc.o
    0x0800accc   0x000000c4   Code   RO         1764    i.HAL_RTC_MspInit   rtc.o
    0x0800ad90   0x00000198   Code   RO         3797    i.HAL_RTC_SetAlarm_IT  stm32l1xx_hal_rtc_ex.o
    0x0800af28   0x000000c8   Code   RO         3659    i.HAL_RTC_SetDate   stm32l1xx_hal_rtc.o
    0x0800aff0   0x000000e8   Code   RO         3660    i.HAL_RTC_SetTime   stm32l1xx_hal_rtc.o
    0x0800b0d8   0x0000003a   Code   RO         3798    i.HAL_RTC_WaitForSynchro  stm32l1xx_hal_rtc_ex.o
    0x0800b112   0x00000028   Code   RO         4035    i.HAL_SPI_DeInit    stm32l1xx_hal_spi.o
    0x0800b13a   0x00000006   Code   RO         4038    i.HAL_SPI_GetState  stm32l1xx_hal_spi.o
    0x0800b140   0x00000084   Code   RO         4271    i.HAL_SPI_Init      stm32l1xx_hal_spi_ex.o
    0x0800b1c4   0x00000002   Code   RO         4041    i.HAL_SPI_MspDeInit  stm32l1xx_hal_spi.o
    0x0800b1c6   0x00000002   Code   RO         4042    i.HAL_SPI_MspInit   stm32l1xx_hal_spi.o
    0x0800b1c8   0x00000142   Code   RO         4048    i.HAL_SPI_Transmit  stm32l1xx_hal_spi.o
    0x0800b30a   0x000002b2   Code   RO         4049    i.HAL_SPI_TransmitReceive  stm32l1xx_hal_spi.o
    0x0800b5bc   0x00000028   Code   RO         2487    i.HAL_SYSTICK_Config  stm32l1xx_hal_cortex.o
    0x0800b5e4   0x00000018   Code   RO         4302    i.HAL_TIM_Base_Start_IT  stm32l1xx_hal_tim.o
    0x0800b5fc   0x00000002   Code   RO         4326    i.HAL_TIM_IC_CaptureCallback  stm32l1xx_hal_tim.o
    0x0800b5fe   0x00000002   PAD
    0x0800b600   0x0000011e   Code   RO         4327    i.HAL_TIM_IC_ConfigChannel  stm32l1xx_hal_tim.o
    0x0800b71e   0x00000036   Code   RO         4330    i.HAL_TIM_IC_Init   stm32l1xx_hal_tim.o
    0x0800b754   0x0000006c   Code   RO         2021    i.HAL_TIM_IC_MspInit  tim.o
    0x0800b7c0   0x0000004c   Code   RO         4335    i.HAL_TIM_IC_Start_IT  stm32l1xx_hal_tim.o
    0x0800b80c   0x00000126   Code   RO         4339    i.HAL_TIM_IRQHandler  stm32l1xx_hal_tim.o
    0x0800b932   0x00000002   Code   RO         4342    i.HAL_TIM_OC_DelayElapsedCallback  stm32l1xx_hal_tim.o
    0x0800b934   0x00000002   Code   RO         4369    i.HAL_TIM_PWM_PulseFinishedCallback  stm32l1xx_hal_tim.o
    0x0800b936   0x00000002   Code   RO         4376    i.HAL_TIM_PeriodElapsedCallback  stm32l1xx_hal_tim.o
    0x0800b938   0x00000002   Code   RO         4380    i.HAL_TIM_TriggerCallback  stm32l1xx_hal_tim.o
    0x0800b93a   0x00000002   Code   RO         4964    i.HAL_UART_ErrorCallback  stm32l1xx_hal_uart.o
    0x0800b93c   0x0000005e   Code   RO         4968    i.HAL_UART_Init     stm32l1xx_hal_uart.o
    0x0800b99a   0x00000002   PAD
    0x0800b99c   0x00000128   Code   RO         1704    i.HAL_UART_MspInit  usart.o
    0x0800bac4   0x000000cc   Code   RO         4976    i.HAL_UART_Transmit  stm32l1xx_hal_uart.o
    0x0800bb90   0x00000002   Code   RO         1614    i.HardFault_Handler  stm32l1xx_it.o
    0x0800bb92   0x00000002   PAD
    0x0800bb94   0x000001c4   Code   RO         1425    i.HourScreen_ButtonHandler  display_module.o
    0x0800bd58   0x0000026c   Code   RO         1426    i.HourScreen_Display  display_module.o
    0x0800bfc4   0x0000000c   Code   RO         2108    i.I2C_delay         pcf8563.o
    0x0800bfd0   0x00000044   Code   RO         2109    i.IIC_Ack           pcf8563.o
    0x0800c014   0x000000c8   Code   RO         2110    i.IIC_Init          pcf8563.o
    0x0800c0dc   0x00000044   Code   RO         2111    i.IIC_NAck          pcf8563.o
    0x0800c120   0x0000006c   Code   RO         2112    i.IIC_Read_Byte     pcf8563.o
    0x0800c18c   0x00000074   Code   RO         2113    i.IIC_Send_Byte     pcf8563.o
    0x0800c200   0x00000048   Code   RO         2114    i.IIC_Start         pcf8563.o
    0x0800c248   0x00000048   Code   RO         2115    i.IIC_Stop          pcf8563.o
    0x0800c290   0x0000006c   Code   RO         2116    i.IIC_Wait_Ack      pcf8563.o
    0x0800c2fc   0x0000001c   Code   RO         1806    i.IWDG_Init         iwdg.o
    0x0800c318   0x000001c4   Code   RO         2210    i.MX_GPIO_Init      gpio.o
    0x0800c4dc   0x00000058   Code   RO         1765    i.MX_RTC_Init       rtc.o
    0x0800c534   0x00000084   Code   RO         1427    i.MainScreen_ButtonHandler  display_module.o
    0x0800c5b8   0x000002e8   Code   RO         1428    i.MainScreen_Display  display_module.o
    0x0800c8a0   0x00000002   Code   RO         1615    i.MemManage_Handler  stm32l1xx_it.o
    0x0800c8a2   0x00000002   Code   RO         1616    i.NMI_Handler       stm32l1xx_it.o
    0x0800c8a4   0x00000020   Code   RO         2489    i.NVIC_SetPriority  stm32l1xx_hal_cortex.o
    0x0800c8c4   0x00000012   Code   RO         2236    i.OLED_Buzy         lcd.o
    0x0800c8d6   0x00000002   PAD
    0x0800c8d8   0x00000074   Code   RO         2237    i.OLED_Char         lcd.o
    0x0800c94c   0x00000012   Code   RO         2240    i.OLED_Clear        lcd.o
    0x0800c95e   0x00000002   PAD
    0x0800c960   0x00000030   Code   RO         2241    i.OLED_DrawPoint    lcd.o
    0x0800c990   0x00000070   Code   RO         2243    i.OLED_Init         lcd.o
    0x0800ca00   0x0000010c   Code   RO         2246    i.OLED_OpenMenu_SL3  lcd.o
    0x0800cb0c   0x00000098   Code   RO         2247    i.OLED_Refresh_Gram  lcd.o
    0x0800cba4   0x00000042   Code   RO         2248    i.OLED_ShowString   lcd.o
    0x0800cbe6   0x00000002   PAD
    0x0800cbe8   0x0000004c   Code   RO         2249    i.OLED_W_Command    lcd.o
    0x0800cc34   0x0000004c   Code   RO         2250    i.OLED_W_Data       lcd.o
    0x0800cc80   0x000000e4   Code   RO         2117    i.PCF8563_Read_Time  pcf8563.o
    0x0800cd64   0x000000fc   Code   RO         2118    i.PCF8563_Set_Time  pcf8563.o
    0x0800ce60   0x00000002   Code   RO         1556    i.PostSleepProcessing  main.o
    0x0800ce62   0x00000008   Code   RO         1557    i.PreSleepProcessing  main.o
    0x0800ce6a   0x00000002   PAD
    0x0800ce6c   0x000005a4   Code   RO         1359    i.Processing_FileManagement_Command  storage_moudle.o
    0x0800d410   0x00000078   Code   RO         2991    i.RCC_SetFlashLatencyFromMSIRange  stm32l1xx_hal_rcc.o
    0x0800d488   0x0000000c   Code   RO         1617    i.RTC_Alarm_IRQHandler  stm32l1xx_it.o
    0x0800d494   0x00000012   Code   RO         3661    i.RTC_Bcd2ToByte    stm32l1xx_hal_rtc.o
    0x0800d4a6   0x00000016   Code   RO         3662    i.RTC_ByteToBcd2    stm32l1xx_hal_rtc.o
    0x0800d4bc   0x0000003a   Code   RO         3663    i.RTC_EnterInitMode  stm32l1xx_hal_rtc.o
    0x0800d4f6   0x00000002   PAD
    0x0800d4f8   0x0000003c   Code   RO         2119    i.SDA_IN            pcf8563.o
    0x0800d534   0x0000003c   Code   RO         2120    i.SDA_OUT           pcf8563.o
    0x0800d570   0x0000001c   Code   RO         6695    i.SD_DisSelect      stm32_adafruit_sd.o
    0x0800d58c   0x000000ec   Code   RO         6696    i.SD_GetCIDRegister  stm32_adafruit_sd.o
    0x0800d678   0x000001ec   Code   RO         6697    i.SD_GetCSDRegister  stm32_adafruit_sd.o
    0x0800d864   0x00000028   Code   RO         6698    i.SD_GetResponse    stm32_adafruit_sd.o
    0x0800d88c   0x00000064   Code   RO         1924    i.SD_IO_Init        sd_io_low.o
    0x0800d8f0   0x00000030   Code   RO         1925    i.SD_IO_ReadByte    sd_io_low.o
    0x0800d920   0x00000024   Code   RO         1926    i.SD_IO_WaitResponse  sd_io_low.o
    0x0800d944   0x00000028   Code   RO         1927    i.SD_IO_WriteByte   sd_io_low.o
    0x0800d96c   0x0000004c   Code   RO         1928    i.SD_IO_WriteCmd    sd_io_low.o
    0x0800d9b8   0x0000001c   Code   RO         1929    i.SD_IO_WriteDummy  sd_io_low.o
    0x0800d9d4   0x00000034   Code   RO         6699    i.SD_RecvData       stm32_adafruit_sd.o
    0x0800da08   0x00000004   Code   RO         6700    i.SD_SPI_ReadWriteByte  stm32_adafruit_sd.o
    0x0800da0c   0x00000030   Code   RO         1930    i.SD_SPI_SpeedHigh  sd_io_low.o
    0x0800da3c   0x00000034   Code   RO         1931    i.SD_SPI_SpeedLow   sd_io_low.o
    0x0800da70   0x00000050   Code   RO         6701    i.SD_SendBlock      stm32_adafruit_sd.o
    0x0800dac0   0x00000074   Code   RO         6702    i.SD_SendCmd        stm32_adafruit_sd.o
    0x0800db34   0x00000020   Code   RO         6703    i.SD_WaitReady      stm32_adafruit_sd.o
    0x0800db54   0x00000020   Code   RO         6564    i.SD_initialize     sd_diskio.o
    0x0800db74   0x00000048   Code   RO         6565    i.SD_ioctl          sd_diskio.o
    0x0800dbbc   0x00000018   Code   RO         6566    i.SD_read           sd_diskio.o
    0x0800dbd4   0x00000020   Code   RO         6567    i.SD_status         sd_diskio.o
    0x0800dbf4   0x00000018   Code   RO         6568    i.SD_write          sd_diskio.o
    0x0800dc0c   0x00000020   Code   RO         1932    i.SPI1_ReadWriteByte  sd_io_low.o
    0x0800dc2c   0x0000009e   Code   RO         4070    i.SPI_WaitOnFlagUntilTimeout  stm32l1xx_hal_spi.o
    0x0800dcca   0x00000002   PAD
    0x0800dccc   0x00000014   Code   RO         1933    i.SPIx_Error        sd_io_low.o
    0x0800dce0   0x00000054   Code   RO         1934    i.SPIx_Init         sd_io_low.o
    0x0800dd34   0x00000088   Code   RO         1935    i.SPIx_MspInit      sd_io_low.o
    0x0800ddbc   0x00000134   Code   RO         1429    i.SetScreen_ButtonHandler  display_module.o
    0x0800def0   0x0000019c   Code   RO         1430    i.SetScreen_Display  display_module.o
    0x0800e08c   0x00000178   Code   RO         1431    i.StationScreen_ButtonHandler  display_module.o
    0x0800e204   0x00000210   Code   RO         1432    i.StationScreen_Display  display_module.o
    0x0800e414   0x0000010c   Code   RO         1360    i.Storage_Thread    storage_moudle.o
    0x0800e520   0x00000050   Code   RO         1846    i.SubaDay           time_related.o
    0x0800e570   0x00000060   Code   RO         1847    i.SubaHour          time_related.o
    0x0800e5d0   0x0000000e   Code   RO         1618    i.SysTick_Handler   stm32l1xx_it.o
    0x0800e5de   0x00000002   PAD
    0x0800e5e0   0x0000095c   Code   RO         1137    i.SysTime_Thread    sys_time_module.o
    0x0800ef3c   0x000000a4   Code   RO         1558    i.SystemClock_Config  main.o
    0x0800efe0   0x00000050   Code   RO         1099    i.SystemInit        system_stm32l1xx.o
    0x0800f030   0x0000000c   Code   RO         1619    i.TIM3_IRQHandler   stm32l1xx_it.o
    0x0800f03c   0x0000003c   Code   RO         2022    i.TIM3_Init         tim.o
    0x0800f078   0x0000000c   Code   RO         1620    i.TIM6_IRQHandler   stm32l1xx_it.o
    0x0800f084   0x0000007c   Code   RO         4381    i.TIM_Base_SetConfig  stm32l1xx_hal_tim.o
    0x0800f100   0x00000016   Code   RO         4382    i.TIM_CCxChannelCmd  stm32l1xx_hal_tim.o
    0x0800f116   0x00000002   PAD
    0x0800f118   0x00000064   Code   RO         4396    i.TIM_TI1_SetConfig  stm32l1xx_hal_tim.o
    0x0800f17c   0x00000036   Code   RO         4398    i.TIM_TI2_SetConfig  stm32l1xx_hal_tim.o
    0x0800f1b2   0x00000002   PAD
    0x0800f1b4   0x00000174   Code   RO         1433    i.TiemrScreen_ButtonHandler  display_module.o
    0x0800f328   0x00000324   Code   RO         1434    i.TimerScreen_Display  display_module.o
    0x0800f64c   0x000002a0   Code   RO         4987    i.UART_SetConfig    stm32l1xx_hal_uart.o
    0x0800f8ec   0x00000092   Code   RO         4989    i.UART_WaitOnFlagUntilTimeout  stm32l1xx_hal_uart.o
    0x0800f97e   0x00000002   PAD
    0x0800f980   0x000000f4   Code   RO         1299    i.USART1_IRQHandler  usart_module.o
    0x0800fa74   0x00000028   Code   RO         1705    i.USART1_UART_Init  usart.o
    0x0800fa9c   0x000000f4   Code   RO         1300    i.USART2_IRQHandler  usart_module.o
    0x0800fb90   0x0000002c   Code   RO         1706    i.USART2_UART_Init  usart.o
    0x0800fbbc   0x00000002   Code   RO         1621    i.UsageFault_Handler  stm32l1xx_it.o
    0x0800fbbe   0x00000002   PAD
    0x0800fbc0   0x00000a0c   Code   RO         1301    i.Usart1_Thread     usart_module.o
    0x080105cc   0x00000a08   Code   RO         1302    i.Usart2_Thread     usart_module.o
    0x08010fd4   0x00000214   Code   RO         1435    i.WarnScreen_ButtonHandler  display_module.o
    0x080111e8   0x0000025c   Code   RO         1436    i.WarnScreen_Display  display_module.o
    0x08011444   0x00000020   Code   RO         6959    i.__0printf$6       mc_w.l(printf6.o)
    0x08011464   0x00000028   Code   RO         6960    i.__0snprintf$6     mc_w.l(printf6.o)
    0x0801148c   0x0000000e   Code   RO         7126    i.__scatterload_copy  mc_w.l(handlers.o)
    0x0801149a   0x00000002   Code   RO         7127    i.__scatterload_null  mc_w.l(handlers.o)
    0x0801149c   0x0000000e   Code   RO         7128    i.__scatterload_zeroinit  mc_w.l(handlers.o)
    0x080114aa   0x00000002   PAD
    0x080114ac   0x000002f0   Code   RO         6966    i._printf_core      mc_w.l(printf6.o)
    0x0801179c   0x00000024   Code   RO         6967    i._printf_post_padding  mc_w.l(printf6.o)
    0x080117c0   0x0000002e   Code   RO         6968    i._printf_pre_padding  mc_w.l(printf6.o)
    0x080117ee   0x00000016   Code   RO         6969    i._snputc           mc_w.l(printf6.o)
    0x08011804   0x00000060   Code   RO         6168    i.check_fs          ff.o
    0x08011864   0x0000006c   Code   RO         6169    i.chk_lock          ff.o
    0x080118d0   0x00000024   Code   RO         6170    i.clear_lock        ff.o
    0x080118f4   0x0000002a   Code   RO         6171    i.clmt_clust        ff.o
    0x0801191e   0x0000001e   Code   RO         6172    i.clust2sect        ff.o
    0x0801193c   0x000000b0   Code   RO         6173    i.create_chain      ff.o
    0x080119ec   0x00000138   Code   RO         6174    i.create_name       ff.o
    0x08011b24   0x00000032   Code   RO         2443    i.data_eeprom_read  eeprom.o
    0x08011b56   0x00000002   PAD
    0x08011b58   0x00000078   Code   RO         2444    i.data_eeprom_write  eeprom.o
    0x08011bd0   0x0000003c   Code   RO         6175    i.dec_lock          ff.o
    0x08011c0c   0x0000011e   Code   RO         6176    i.dir_next          ff.o
    0x08011d2a   0x00000002   PAD
    0x08011d2c   0x00000062   Code   RO         6177    i.dir_read          ff.o
    0x08011d8e   0x00000076   Code   RO         6178    i.dir_register      ff.o
    0x08011e04   0x00000042   Code   RO         6179    i.dir_remove        ff.o
    0x08011e46   0x00000098   Code   RO         6180    i.dir_sdi           ff.o
    0x08011ede   0x00000002   PAD
    0x08011ee0   0x00000028   Code   RO         6107    i.disk_initialize   diskio.o
    0x08011f08   0x0000001c   Code   RO         6108    i.disk_ioctl        diskio.o
    0x08011f24   0x0000001c   Code   RO         6109    i.disk_read         diskio.o
    0x08011f40   0x00000018   Code   RO         6110    i.disk_status       diskio.o
    0x08011f58   0x0000001c   Code   RO         6111    i.disk_write        diskio.o
    0x08011f74   0x00000030   Code   RO            1    i.eTaskConfirmSleepModeStatus  tasks.o
    0x08011fa4   0x0000005a   Code   RO         6181    i.f_chdir           ff.o
    0x08011ffe   0x00000036   Code   RO         6183    i.f_close           ff.o
    0x08012034   0x00000030   Code   RO         6184    i.f_closedir        ff.o
    0x08012064   0x00000102   Code   RO         6185    i.f_getcwd          ff.o
    0x08012166   0x000000d4   Code   RO         6186    i.f_getfree         ff.o
    0x0801223a   0x00000002   PAD
    0x0801223c   0x000002ac   Code   RO         6188    i.f_lseek           ff.o
    0x080124e8   0x00000178   Code   RO         6189    i.f_mkdir           ff.o
    0x08012660   0x00000084   Code   RO         6191    i.f_mount           ff.o
    0x080126e4   0x000001a8   Code   RO         6192    i.f_open            ff.o
    0x0801288c   0x0000009c   Code   RO         6193    i.f_opendir         ff.o
    0x08012928   0x000001d2   Code   RO         6197    i.f_read            ff.o
    0x08012afa   0x00000062   Code   RO         6198    i.f_readdir         ff.o
    0x08012b5c   0x00000048   Code   RO         6200    i.f_stat            ff.o
    0x08012ba4   0x000000d2   Code   RO         6201    i.f_sync            ff.o
    0x08012c76   0x000000cc   Code   RO         6203    i.f_unlink          ff.o
    0x08012d42   0x00000002   PAD
    0x08012d44   0x0000021a   Code   RO         6205    i.f_write           ff.o
    0x08012f5e   0x0000001a   Code   RO         6620    i.ff_cre_syncobj    syscall.o
    0x08012f78   0x0000000a   Code   RO         6621    i.ff_del_syncobj    syscall.o
    0x08012f82   0x00000004   Code   RO         6622    i.ff_rel_grant      syscall.o
    0x08012f86   0x00000014   Code   RO         6623    i.ff_req_grant      syscall.o
    0x08012f9a   0x00000002   PAD
    0x08012f9c   0x0000026c   Code   RO         6206    i.find_volume       ff.o
    0x08013208   0x000000e4   Code   RO         6207    i.follow_path       ff.o
    0x080132ec   0x00000028   Code   RO         1708    i.fputc             usart.o
    0x08013314   0x000000c2   Code   RO         6208    i.get_fat           ff.o
    0x080133d6   0x00000004   Code   RO         6112    i.get_fattime       diskio.o
    0x080133da   0x00000050   Code   RO         6209    i.get_fileinfo      ff.o
    0x0801342a   0x0000003c   Code   RO         6210    i.get_ldnumber      ff.o
    0x08013466   0x00000002   PAD
    0x08013468   0x00000060   Code   RO         1138    i.get_sys_time      sys_time_module.o
    0x080134c8   0x00000064   Code   RO         1139    i.get_sys_time_tm   sys_time_module.o
    0x0801352c   0x0000000c   Code   RO          570    i.inHandlerMode     cmsis_os.o
    0x08013538   0x000000a0   Code   RO         6211    i.inc_lock          ff.o
    0x080135d8   0x00000104   Code   RO         1437    i.init_display_menus  display_module.o
    0x080136dc   0x00000060   Code   RO         1438    i.init_display_module  display_module.o
    0x0801373c   0x000000cc   Code   RO         1361    i.init_storage_module  storage_moudle.o
    0x08013808   0x00000080   Code   RO         1140    i.init_sys_time_module  sys_time_module.o
    0x08013888   0x0000013c   Code   RO         1303    i.init_usart_module  usart_module.o
    0x080139c4   0x00000026   Code   RO         1910    i.isLeapYear        time_related.o
    0x080139ea   0x00000002   PAD
    0x080139ec   0x00000060   Code   RO         1848    i.l_mktime          time_related.o
    0x08013a4c   0x00000014   Code   RO         6212    i.ld_clust          ff.o
    0x08013a60   0x00000008   Code   RO         6213    i.lock_fs           ff.o
    0x08013a68   0x00000024   Code   RO         1559    i.main              main.o
    0x08013a8c   0x0000000c   Code   RO          572    i.makeFreeRtosPriority  cmsis_os.o
    0x08013a98   0x00000012   Code   RO         6214    i.mem_cpy           ff.o
    0x08013aaa   0x0000000e   Code   RO         6215    i.mem_set           ff.o
    0x08013ab8   0x00000036   Code   RO         6216    i.move_window       ff.o
    0x08013aee   0x0000000e   Code   RO          573    i.osDelay           cmsis_os.o
    0x08013afc   0x0000000a   Code   RO          576    i.osKernelStart     cmsis_os.o
    0x08013b06   0x00000008   Code   RO          584    i.osMessageCreate   cmsis_os.o
    0x08013b0e   0x00000002   PAD
    0x08013b10   0x00000090   Code   RO          585    i.osMessageGet      cmsis_os.o
    0x08013ba0   0x00000054   Code   RO          587    i.osMessagePut      cmsis_os.o
    0x08013bf4   0x00000006   Code   RO          588    i.osMutexCreate     cmsis_os.o
    0x08013bfa   0x00000002   PAD
    0x08013bfc   0x00000048   Code   RO          590    i.osMutexRelease    cmsis_os.o
    0x08013c44   0x00000060   Code   RO          591    i.osMutexWait       cmsis_os.o
    0x08013ca4   0x0000002e   Code   RO          599    i.osSemaphoreCreate  cmsis_os.o
    0x08013cd2   0x00000018   Code   RO          600    i.osSemaphoreDelete  cmsis_os.o
    0x08013cea   0x00000002   PAD
    0x08013cec   0x00000048   Code   RO          601    i.osSemaphoreRelease  cmsis_os.o
    0x08013d34   0x00000060   Code   RO          602    i.osSemaphoreWait   cmsis_os.o
    0x08013d94   0x00000014   Code   RO          605    i.osSystickHandler  cmsis_os.o
    0x08013da8   0x00000038   Code   RO          606    i.osThreadCreate    cmsis_os.o
    0x08013de0   0x00000082   Code   RO         2253    i.pic_clear_u       lcd.o
    0x08013e62   0x00000062   Code   RO         2255    i.pic_u             lcd.o
    0x08013ec4   0x00000034   Code   RO            3    i.prvAddCurrentTaskToDelayedList  tasks.o
    0x08013ef8   0x00000054   Code   RO            4    i.prvCheckTasksWaitingTermination  tasks.o
    0x08013f4c   0x00000026   Code   RO          402    i.prvCopyDataFromQueue  queue.o
    0x08013f72   0x0000006e   Code   RO          403    i.prvCopyDataToQueue  queue.o
    0x08013fe0   0x00000024   Code   RO            5    i.prvGetExpectedIdleTime  tasks.o
    0x08014004   0x0000004c   Code   RO         6055    i.prvHeapInit       heap_4.o
    0x08014050   0x00000048   Code   RO            6    i.prvIdleTask       tasks.o
    0x08014098   0x0000004c   Code   RO         6056    i.prvInsertBlockIntoFreeList  heap_4.o
    0x080140e4   0x00000020   Code   RO            8    i.prvResetNextTaskUnblockTime  tasks.o
    0x08014104   0x00000018   Code   RO         5973    i.prvTaskExitError  port.o
    0x0801411c   0x00000064   Code   RO          404    i.prvUnlockQueue    queue.o
    0x08014180   0x000000f8   Code   RO         6217    i.put_fat           ff.o
    0x08014278   0x000000bc   Code   RO         6057    i.pvPortMalloc      heap_4.o
    0x08014334   0x00000018   Code   RO           10    i.pvTaskIncrementMutexHeldCount  tasks.o
    0x0801434c   0x00000020   Code   RO         5974    i.pxPortInitialiseStack  port.o
    0x0801436c   0x00000120   Code   RO         2078    i.rain_hour_fill    sensor.o
    0x0801448c   0x00000208   Code   RO         1362    i.read_file_hour    storage_moudle.o
    0x08014694   0x0000006e   Code   RO         6219    i.remove_chain      ff.o
    0x08014702   0x00000002   PAD
    0x08014704   0x000000ac   Code   RO         1141    i.set_sys_time      sys_time_module.o
    0x080147b0   0x00000010   Code   RO         6220    i.st_clust          ff.o
    0x080147c0   0x0000001c   Code   RO         1364    i.start_storage     storage_moudle.o
    0x080147dc   0x000000b6   Code   RO         6221    i.sync_fs           ff.o
    0x08014892   0x00000002   PAD
    0x08014894   0x000000c8   Code   RO         1849    i.sync_time         time_related.o
    0x0801495c   0x00000060   Code   RO         6222    i.sync_window       ff.o
    0x080149bc   0x0000001e   Code   RO         6223    i.unlock_fs         ff.o
    0x080149da   0x00000024   Code   RO          357    i.uxListRemove      list.o
    0x080149fe   0x00000016   Code   RO          358    i.vListInitialise   list.o
    0x08014a14   0x00000006   Code   RO          359    i.vListInitialiseItem  list.o
    0x08014a1a   0x00000030   Code   RO          360    i.vListInsert       list.o
    0x08014a4a   0x00000018   Code   RO          361    i.vListInsertEnd    list.o
    0x08014a62   0x00000002   PAD
    0x08014a64   0x00000034   Code   RO         5976    i.vPortEnterCritical  port.o
    0x08014a98   0x00000024   Code   RO         5977    i.vPortExitCritical  port.o
    0x08014abc   0x00000048   Code   RO         6058    i.vPortFree         heap_4.o
    0x08014b04   0x00000044   Code   RO         5978    i.vPortSetupTimerInterrupt  port.o
    0x08014b48   0x000000e0   Code   RO         5979    i.vPortSuppressTicksAndSleep  port.o
    0x08014c28   0x00000040   Code   RO         5980    i.vPortValidateInterruptPriority  port.o
    0x08014c68   0x00000018   Code   RO         5981    i.vPortYield        port.o
    0x08014c80   0x0000001a   Code   RO          411    i.vQueueDelete      queue.o
    0x08014c9a   0x00000002   PAD
    0x08014c9c   0x00000024   Code   RO          413    i.vQueueUnregisterQueue  queue.o
    0x08014cc0   0x00000050   Code   RO           18    i.vTaskDelay        tasks.o
    0x08014d10   0x0000000c   Code   RO           22    i.vTaskMissedYield  tasks.o
    0x08014d1c   0x00000058   Code   RO           24    i.vTaskPlaceOnEventList  tasks.o
    0x08014d74   0x00000084   Code   RO           26    i.vTaskPriorityInherit  tasks.o
    0x08014df8   0x0000001c   Code   RO           30    i.vTaskSetTimeOutState  tasks.o
    0x08014e14   0x00000054   Code   RO           31    i.vTaskStartScheduler  tasks.o
    0x08014e68   0x00000020   Code   RO           32    i.vTaskStepTick     tasks.o
    0x08014e88   0x00000010   Code   RO           34    i.vTaskSuspendAll   tasks.o
    0x08014e98   0x00000054   Code   RO           35    i.vTaskSwitchContext  tasks.o
    0x08014eec   0x00000040   Code   RO         6224    i.validate          ff.o
    0x08014f2c   0x0000000c   Code   RO         6060    i.xPortGetFreeHeapSize  heap_4.o
    0x08014f38   0x0000000c   Code   RO         6061    i.xPortGetMinimumEverFreeHeapSize  heap_4.o
    0x08014f44   0x00000074   Code   RO         5982    i.xPortStartScheduler  port.o
    0x08014fb8   0x00000024   Code   RO         5983    i.xPortSysTickHandler  port.o
    0x08014fdc   0x0000002a   Code   RO          414    i.xQueueCreateCountingSemaphore  queue.o
    0x08015006   0x0000004a   Code   RO          415    i.xQueueCreateMutex  queue.o
    0x08015050   0x00000050   Code   RO          416    i.xQueueGenericCreate  queue.o
    0x080150a0   0x0000012e   Code   RO          417    i.xQueueGenericReceive  queue.o
    0x080151ce   0x0000006a   Code   RO          418    i.xQueueGenericReset  queue.o
    0x08015238   0x00000114   Code   RO          419    i.xQueueGenericSend  queue.o
    0x0801534c   0x0000008c   Code   RO          420    i.xQueueGenericSendFromISR  queue.o
    0x080153d8   0x00000076   Code   RO          422    i.xQueueGiveFromISR  queue.o
    0x0801544e   0x00000076   Code   RO          427    i.xQueueReceiveFromISR  queue.o
    0x080154c4   0x00000058   Code   RO           36    i.xTaskCheckForTimeOut  tasks.o
    0x0801551c   0x0000018c   Code   RO           37    i.xTaskGenericCreate  tasks.o
    0x080156a8   0x0000001c   Code   RO           41    i.xTaskGetSchedulerState  tasks.o
    0x080156c4   0x000000c0   Code   RO           44    i.xTaskIncrementTick  tasks.o
    0x08015784   0x00000084   Code   RO           47    i.xTaskPriorityDisinherit  tasks.o
    0x08015808   0x00000070   Code   RO           48    i.xTaskRemoveFromEventList  tasks.o
    0x08015878   0x000000ac   Code   RO           50    i.xTaskResumeAll    tasks.o
    0x08015924   0x00000019   Data   RO         1100    .constdata          system_stm32l1xx.o
    0x0801593d   0x00000008   Data   RO         1101    .constdata          system_stm32l1xx.o
    0x08015945   0x00000003   PAD
    0x08015948   0x00000014   Data   RO         1143    .constdata          sys_time_module.o
    0x0801595c   0x00000028   Data   RO         1306    .constdata          usart_module.o
    0x08015984   0x00000054   Data   RO         1366    .constdata          storage_moudle.o
    0x080159d8   0x0000001c   Data   RO         1440    .constdata          display_module.o
    0x080159f4   0x00000034   Data   RO         1850    .constdata          time_related.o
    0x08015a28   0x00000d70   Data   RO         2265    .constdata          lcd.o
    0x08016798   0x000000ac   Data   RO         6226    .constdata          ff.o
    0x08016844   0x00000014   Data   RO         6569    .constdata          sd_diskio.o
    0x08016858   0x00000040   Data   RO         7122    .constdata          mc_w.l(ctype_c.o)
    0x08016898   0x00000008   Data   RO         1144    .conststring        sys_time_module.o
    0x080168a0   0x000000bf   Data   RO         1307    .conststring        usart_module.o
    0x0801695f   0x00000001   PAD
    0x08016960   0x00000098   Data   RO         1367    .conststring        storage_moudle.o
    0x080169f8   0x00000008   Data   RO         1441    .conststring        display_module.o
    0x08016a00   0x00000020   Data   RO         7124    Region$$Table       anon$$obj.o


    Execution Region RW_IRAM1 (Base: 0x20000000, Size: 0x000068b8, Max: 0x00008000, ABSOLUTE, COMPRESSED[0x00000030])

    Base Addr    Size         Type   Attr      Idx    E Section Name        Object

    0x20000000   0x00000038   Data   RW           53    .data               tasks.o
    0x20000038   0x00000004   Data   RW         1102    .data               system_stm32l1xx.o
    0x2000003c   0x00000014   Data   RW         1145    .data               sys_time_module.o
    0x20000050   0x00000038   Data   RW         1308    .data               usart_module.o
    0x20000088   0x00000014   Data   RW         1368    .data               storage_moudle.o
    0x2000009c   0x00000040   Data   RW         1442    .data               display_module.o
    0x200000dc   0x00000004   Data   RW         1937    .data               sd_io_low.o
    0x200000e0   0x0000000e   Data   RW         2121    .data               pcf8563.o
    0x200000ee   0x00000120   Data   RW         2266    .data               lcd.o
    0x2000020e   0x00000080   Data   RW         2267    .data               lcd.o
    0x2000028e   0x00000002   PAD
    0x20000290   0x00000004   Data   RW         2615    .data               stm32l1xx_hal.o
    0x20000294   0x00000018   Data   RW         5984    .data               port.o
    0x200002ac   0x00000018   Data   RW         6063    .data               heap_4.o
    0x200002c4   0x00000008   Data   RW         6227    .data               ff.o
    0x200002cc   0x00000001   Data   RW         6570    .data               sd_diskio.o
    0x200002cd   0x00000001   Data   RW         6704    .data               stm32_adafruit_sd.o
    0x200002ce   0x00000002   PAD
    0x200002d0   0x00000004   Data   RW         7083    .data               mc_w.l(stdout.o)
    0x200002d4   0x000000f0   Zero   RW           52    .bss                tasks.o
    0x200003c4   0x00000040   Zero   RW          429    .bss                queue.o
    0x20000404   0x0000026c   Zero   RW         1142    .bss                sys_time_module.o
    0x20000670   0x0000056c   Zero   RW         1304    .bss                usart_module.o
    0x20000bdc   0x00000014   Zero   RW         1305    .bss                usart_module.o
    0x20000bf0   0x000008e4   Zero   RW         1365    .bss                storage_moudle.o
    0x200014d4   0x00000124   Zero   RW         1439    .bss                display_module.o
    0x200015f8   0x000000c0   Zero   RW         1709    .bss                usart.o
    0x200016b8   0x00000020   Zero   RW         1766    .bss                rtc.o
    0x200016d8   0x0000000c   Zero   RW         1807    .bss                iwdg.o
    0x200016e4   0x00000058   Zero   RW         1936    .bss                sd_io_low.o
    0x2000173c   0x00000070   Zero   RW         2024    .bss                tim.o
    0x200017ac   0x00000058   Zero   RW         2079    .bss                sensor.o
    0x20001804   0x00000400   Zero   RW         2264    .bss                lcd.o
    0x20001c04   0x00000018   Zero   RW         3406    .bss                stm32l1xx_hal_flash.o
    0x20001c1c   0x00003c00   Zero   RW         6062    .bss                heap_4.o
    0x2000581c   0x00000090   Zero   RW         6225    .bss                ff.o
    0x200058ac   0x0000000c   Zero   RW         6518    .bss                ff_gen_drv.o
    0x200058b8   0x00001000   Zero   RW          912    STACK               startup_stm32l152xc.o


==============================================================================

Image component sizes


      Code (inc. data)   RO Data    RW Data    ZI Data      Debug   Object Name

       772         32          0          0          0      21238   cmsis_os.o
       152         22          0          0          0       7595   diskio.o
      9488       1608         36         64        292      23883   display_module.o
       170          4          0          0          0       1707   eeprom.o
      7804         70        172          8        144      45405   ff.o
        70          4          0          0         12       1803   ff_gen_drv.o
       452         24          0          0          0       1287   gpio.o
       436         36          0         24      15360       6152   heap_4.o
        28          8          0          0         12        804   iwdg.o
      1178         92       3440        416       1024       9617   lcd.o
       136          0          0          0          0       3986   list.o
       246         32          0          0          0       7403   main.o
      1424         60          0         14          0      10070   pcf8563.o
       838         84          0         24          0      11227   port.o
      1566          6          0          0         64      14672   queue.o
       284         80          0          0         32       2047   rtc.o
       184         16         20          1          0       4776   sd_diskio.o
       700         76          0          4         88       8357   sd_io_low.o
       288         70          0          0         88       2671   sensor.o
        36          8        292          0       4096        884   startup_stm32l152xc.o
      1826        166          0          1          0      16410   stm32_adafruit_sd.o
         0          0          0          0          0     443860   stm32l152c_discovery.o
       130         16          0          4          0       5089   stm32l1xx_hal.o
       248         22          0          0          0      29272   stm32l1xx_hal_cortex.o
       204         14          0          0         24       1938   stm32l1xx_hal_flash.o
       272         26          0          0          0       4484   stm32l1xx_hal_flash_ex.o
       440         38          0          0          0       3994   stm32l1xx_hal_gpio.o
        94          0          0          0          0       2027   stm32l1xx_hal_iwdg.o
        72         14          0          0          0       1336   stm32l1xx_hal_pwr.o
        16          6          0          0          0        668   stm32l1xx_hal_pwr_ex.o
      2708        110          0          0          0       7864   stm32l1xx_hal_rcc.o
       392         14          0          0          0       1668   stm32l1xx_hal_rcc_ex.o
       846         26          0          0          0       6987   stm32l1xx_hal_rtc.o
       556          8          0          0          0       3953   stm32l1xx_hal_rtc_ex.o
      1220          0          0          0          0       6611   stm32l1xx_hal_spi.o
       132          0          0          0          0       1299   stm32l1xx_hal_spi_ex.o
      1044         42          0          0          0      11809   stm32l1xx_hal_tim.o
      1118          6          0          0          0       4861   stm32l1xx_hal_uart.o
       136         18          0          0          0       6386   stm32l1xx_it.o
      2464       1012        236         20       2276       6075   storage_moudle.o
      2912        792         28         20        620      20183   sys_time_module.o
        60          0          0          0          0       3960   syscall.o
        80         18         33          4          0       1507   system_stm32l1xx.o
      2024        174          0         56        240      41674   tasks.o
       168         22          0          0        112       2015   tim.o
       682         62         52          0          0       6085   time_related.o
         0          0          0          0          0       3180   timers.o
       420         52          0          0        192       3408   usart.o
      5944       1386        231         56       1408       8585   usart_module.o

    ----------------------------------------------------------------------
     52536       6376       4576        720      26084     842772   Object Totals
         0          0         32          0          0          0   (incl. Generated)
        76          0          4          4          0          0   (incl. Padding)

    ----------------------------------------------------------------------

      Code (inc. data)   RO Data    RW Data    ZI Data      Debug   Library Member Name

        56          8          0          0          0         84   __0sscanf.o
        86          0          0          0          0          0   __dczerorl2.o
        28          0          0          0          0         68   _chval.o
       812          4          0          0          0        112   _scanf.o
       332          0          0          0          0         96   _scanf_int.o
        64          0          0          0          0         84   _sgetc.o
        40          6         64          0          0         68   ctype_c.o
         0          0          0          0          0          0   entry.o
         0          0          0          0          0          0   entry10a.o
         0          0          0          0          0          0   entry11a.o
         8          4          0          0          0          0   entry2.o
         4          0          0          0          0          0   entry5.o
         0          0          0          0          0          0   entry7b.o
         0          0          0          0          0          0   entry8b.o
         8          4          0          0          0          0   entry9a.o
        30          0          0          0          0          0   handlers.o
        36          8          0          0          0         68   init.o
        10          0          0          0          0         68   isspace_c.o
        36          0          0          0          0         68   memcpya.o
        36          0          0          0          0        108   memseta.o
       928         18          0          0          0        504   printf6.o
        40          8          0          0          0         84   scanf_char.o
         0          0          0          4          0          0   stdout.o
        42          0          0          0          0         84   strcasecmp.o
        14          0          0          0          0         68   strlen.o
        50          0          0          0          0         84   strncasecmp.o
        36          0          0          0          0         80   strstr.o
        12          0          0          0          0         68   tolower.o
        44          0          0          0          0         80   uidiv.o

    ----------------------------------------------------------------------
      2760         60         64          4          0       1876   Library Totals
         8          0          0          0          0          0   (incl. Padding)

    ----------------------------------------------------------------------

      Code (inc. data)   RO Data    RW Data    ZI Data      Debug   Library Name

      2752         60         64          4          0       1876   mc_w.l

    ----------------------------------------------------------------------
      2760         60         64          4          0       1876   Library Totals

    ----------------------------------------------------------------------

==============================================================================


      Code (inc. data)   RO Data    RW Data    ZI Data      Debug   

     55296       6436       4640        724      26084     826368   Grand Totals
     55296       6436       4640         48      26084     826368   ELF Image Totals (compressed)
     55296       6436       4640         48          0          0   ROM Totals

==============================================================================

    Total RO  Size (Code + RO Data)                59936 (  58.53kB)
    Total RW  Size (RW Data + ZI Data)             26808 (  26.18kB)
    Total ROM Size (Code + RO Data + RW Data)      59984 (  58.58kB)

==============================================================================

